set -euo pipefail; \
START_TIME=$(date +%s); \
PYTHON_VERSION=$(python3 -c 'import sys; print(f"cp{sys.version_info.major}{sys.version_info.minor}")'); \
OS=$(uname); \
ARCH=$(uname -m); \
if [ "$OS" = "Darwin" ]; then \
  PLATFORM="macosx_$(sw_vers -productVersion | cut -d. -f1)_0_x86_64"; \
  if [ "$ARCH" = "arm64" ]; then \
    PLATFORM="macosx_$(sw_vers -productVersion | cut -d. -f1)_0_arm64"; \
  fi; \
else \
  if [ "$ARCH" = "x86_64" ]; then \
    PLATFORM="linux_x86_64"; \
  else \
    PLATFORM="linux_${ARCH}"; \
  fi; \
fi; \
echo "Detected OS: $OS"; \
echo "Detected Architecture: $ARCH"; \
echo "Detected Python version: $PYTHON_VERSION"; \
echo "Detected Platform: $PLATFORM"; \
export USE_BAZEL_VERSION=6.5.0; \
echo "Building EnvPool wheel..."; \
if ! bazel run --config=release //:setup -- bdist_wheel > data/current/log.txt; then \
  echo "Error: Bazel build failed. Check log.txt for details."; \
  exit 1; \
fi; \
echo "Build completed. Check log.txt for details."; \
WHEEL_PATH=$(find bazel-bin/setup.runfiles/envpool/dist -name "envpool-*-${PYTHON_VERSION}-${PYTHON_VERSION}-${PLATFORM}.whl" 2>/dev/null | head -n 1); \
if [ -z "$WHEEL_PATH" ]; then \
  echo "Error: Could not find built wheel file."; \
  echo "Available wheels:"; \
  find bazel-bin/setup.runfiles/envpool/dist -name "*.whl" 2>/dev/null || true; \
  exit 1; \
fi; \
echo "Installing wheel: $WHEEL_PATH"; \
pip3 uninstall envpool -y || true; \
if ! pip3 install "$WHEEL_PATH" -v; then \
  echo "Error: Failed to install wheel"; \
  exit 1; \
fi; \
END_TIME=$(date +%s); \
ELAPSED=$((END_TIME - $START_TIME)); \
echo "Total build time: $((ELAPSED/3600))h $(((ELAPSED%3600)/60))m $((ELAPSED%60))s"; \
echo "Running example..."; \
python3 examples/env_step.py; \
END_TIME=$(date +%s); \
ELAPSED=$((END_TIME - $START_TIME)); \
echo "Total execution time: $((ELAPSED/3600))h $(((ELAPSED%3600)/60))m $((ELAPSED%60))s"
Detected OS: Linux
Detected Architecture: x86_64
Detected Python version: cp310
Detected Platform: linux_x86_64
Building EnvPool wheel...
Starting local Bazel server and connecting to it...
Loading: 
Loading: 
Loading: 0 packages loaded
Analyzing: target //:setup (1 packages loaded, 0 targets configured)
INFO: Analyzed target //:setup (103 packages loaded, 22862 targets configured).
 checking cached actions
INFO: Found 1 target...
[10 / 407] [Prepa] BazelWorkspaceStatusAction stable-status.txt
[1,597 / 1,602] Compiling src/modules/MdlRLJointPD.cc; 0s processwrapper-sandbox ... (4 actions running)
[1,600 / 1,602] Compiling envpool/mujoco/gym/mujoco_envpool.cc; 1s processwrapper-sandbox
[1,600 / 1,602] Compiling envpool/mujoco/gym/mujoco_envpool.cc; 11s processwrapper-sandbox
[1,601 / 1,602] [Prepa] Linking envpool/mujoco/mujoco_gym_envpool.so
Target //:setup up-to-date:
  bazel-bin/setup
INFO: Elapsed time: 44.590s, Critical Path: 40.92s
INFO: 6 processes: 1 internal, 5 processwrapper-sandbox.
INFO: Build completed successfully, 6 total actions
INFO: Running command line: bazel-bin/setup bdist_wheel
/root/.cache/bazel/_bazel_root/142d0893972e3373870996705499eece/execroot/envpool/bazel-out/k8-fastbuild/bin/setup.runfiles/pip_requirements/pypi__wheel/site-packages/wheel/bdist_wheel.py:4: FutureWarning: The 'wheel' package is no longer the canonical location of the 'bdist_wheel' command, and will be removed in a future release. Please update to setuptools v70.1 or later which contains an integrated version of this command.
  warn(
/usr/lib/python3/dist-packages/setuptools/command/install.py:34: SetuptoolsDeprecationWarning: setup.py install is deprecated. Use build and pip and other standards-based tools.
  warnings.warn(
Build completed. Check log.txt for details.
Installing wheel: bazel-bin/setup.runfiles/envpool/dist/envpool-0.8.4-cp310-cp310-linux_x86_64.whl
WARNING: The directory '/root/.cache/pip' or its parent directory is not owned or is not writable by the current user. The cache has been disabled. Check the permissions and owner of that directory. If executing pip with sudo, you should use sudo's -H flag.
Found existing installation: envpool 0.8.4
Uninstalling envpool-0.8.4:
  Successfully uninstalled envpool-0.8.4
WARNING: Running pip as the 'root' user can result in broken permissions and conflicting behaviour with the system package manager. It is recommended to use a virtual environment instead: https://pip.pypa.io/warnings/venv
WARNING: The directory '/root/.cache/pip' or its parent directory is not owned or is not writable by the current user. The cache has been disabled. Check the permissions and owner of that directory. If executing pip with sudo, you should use sudo's -H flag.
Using pip 22.0.2 from /usr/lib/python3/dist-packages/pip (python 3.10)
Processing ./bazel-bin/setup.runfiles/envpool/dist/envpool-0.8.4-cp310-cp310-linux_x86_64.whl
Requirement already satisfied: optree>=0.6.0 in /usr/local/lib/python3.10/dist-packages (from envpool==0.8.4) (0.20.0)
Requirement already satisfied: types-protobuf>=3.17.3 in /usr/local/lib/python3.10/dist-packages (from envpool==0.8.4) (7.35.1.20260906)
Requirement already satisfied: numpy>=1.19 in /usr/local/lib/python3.10/dist-packages (from envpool==0.8.4) (2.2.6)
Requirement already satisfied: packaging in /usr/local/lib/python3.10/dist-packages (from envpool==0.8.4) (26.0)
Requirement already satisfied: typing-extensions in /usr/local/lib/python3.10/dist-packages (from envpool==0.8.4) (4.15.0)
Requirement already satisfied: gymnasium>=0.26 in /usr/local/lib/python3.10/dist-packages (from envpool==0.8.4) (1.2.3)
Requirement already satisfied: dm-env>=1.4 in /usr/local/lib/python3.10/dist-packages (from envpool==0.8.4) (1.6)
Requirement already satisfied: gym>=0.18 in /usr/local/lib/python3.10/dist-packages (from envpool==0.8.4) (0.26.2)
Requirement already satisfied: absl-py in /usr/local/lib/python3.10/dist-packages (from dm-env>=1.4->envpool==0.8.4) (2.4.0)
Requirement already satisfied: dm-tree in /usr/local/lib/python3.10/dist-packages (from dm-env>=1.4->envpool==0.8.4) (0.1.10)
Requirement already satisfied: cloudpickle>=1.2.0 in /usr/local/lib/python3.10/dist-packages (from gym>=0.18->envpool==0.8.4) (3.1.2)
Requirement already satisfied: gym-notices>=0.0.4 in /usr/local/lib/python3.10/dist-packages (from gym>=0.18->envpool==0.8.4) (0.1.0)
Requirement already satisfied: farama-notifications>=0.0.1 in /usr/local/lib/python3.10/dist-packages (from gymnasium>=0.26->envpool==0.8.4) (0.0.4)
Requirement already satisfied: attrs>=18.2.0 in /usr/local/lib/python3.10/dist-packages (from dm-tree->dm-env>=1.4->envpool==0.8.4) (26.1.0)
Requirement already satisfied: wrapt>=1.11.2 in /usr/local/lib/python3.10/dist-packages (from dm-tree->dm-env>=1.4->envpool==0.8.4) (2.4.0)
Installing collected packages: envpool
WARNING: Running pip as the 'root' user can result in broken permissions and conflicting behaviour with the system package manager. It is recommended to use a virtual environment instead: https://pip.pypa.io/warnings/venv
Successfully installed envpool-0.8.4
Total build time: 0h 0m 48s
Running example...
Gym has been unmaintained since 2022 and does not support NumPy 2.0 amongst other critical functionality.
Please upgrade to Gymnasium, the maintained drop-in replacement of Gym, or contact the authors of your software and request that they upgrade.
Users of this version of Gym should be able to simply replace 'import gym' with 'import gymnasium as gym' in the vast majority of cases.
See the migration guide at https://gymnasium.farama.org/introduction/migration_guide/ for additional information.
[0;33m[WW] ModuleManager: CHANGING UPDATE PERIOD: ![0m
[QuadrupedWBCEnv] unhealthy terminate at step=77 z=0.252773 rpy=[-0.831455, -0.0453398, -0.964148] v_body=[0.593458, -2.00321, -0.132794]
initHardware(SIM): Initializing hardware components...
LogServer: New client 127.0.0.1:44449.
WriteCSV: Creating CSV writer for file </app/envpool/data/current/logs.csv>
LogServer: New job 0x7e655c0020e0 period = 1  length = 0
LogServer: 127.0.0.1:44449 disconnected.
LogJob(0x7e655c0020e0) Finished
LogServer: New client 127.0.0.1:35043.
WriteCSV: Creating CSV writer for file </app/envpool/data/current/logs.csv>
LogServer: New job 0x7e655c0020e0 period = 1  length = 0
[QuadrupedWBCEnv] Reset state env_id=0 z=0.299292 rpy=[-0.0128997, 0.0231004, -0.0185235]
LogServer: 127.0.0.1:35043 disconnected.
LogJob(0x7e655c0020e0) Finished
LogServer: New client 127.0.0.1:35253.
WriteCSV: Creating CSV writer for file </app/envpool/data/current/logs.csv>
LogServer: New job 0x7e655c0020e0 period = 1  length = 0
[QuadrupedWBCEnv] Reset state env_id=0 z=0.299459 rpy=[-0.0141652, 0.0259279, -0.0182628]
LogServer: 127.0.0.1:35253 disconnected.
LogJob(0x7e655c0020e0) Finished
LogServer: New client 127.0.0.1:45473.
WriteCSV: Creating CSV writer for file </app/envpool/data/current/logs.csv>
LogServer: New job 0x7e655c0020e0 period = 1  length = 0
[QuadrupedWBCEnv] Reset state env_id=0 z=0.299297 rpy=[-0.0120418, 0.0228914, -0.0186059]
LogServer: 127.0.0.1:45473 disconnected.
LogJob(0x7e655c0020e0) Finished
LogServer: New client 127.0.0.1:51768.
WriteCSV: Creating CSV writer for file </app/envpool/data/current/logs.csv>
LogServer: New job 0x7e655c0020e0 period = 1  length = 0
[QuadrupedWBCEnv] Reset state env_id=0 z=0.299298 rpy=[-0.0133566, 0.023264, -0.0184884]
[QuadrupedWBCEnv] unhealthy terminate at step=81 z=0.231197 rpy=[-0.803692, -0.292618, -0.915221] v_body=[0.676042, -2.1751, 0.347796]
[QuadrupedWBCEnv] unhealthy terminate at step=48 z=0.341754 rpy=[-0.888981, 0.346813, -0.641242] v_body=[0.814301, -0.633115, -1.16405]
LogServer: 127.0.0.1:51768 disconnected.
LogJob(0x7e655c0020e0) Finished
LogServer: New client 127.0.0.1:50143.
WriteCSV: Creating CSV writer for file </app/envpool/data/current/logs.csv>
LogServer: New job 0x7e655c0020e0 period = 1  length = 0
[QuadrupedWBCEnv] Reset state env_id=0 z=0.299485 rpy=[-0.0138048, 0.0261703, -0.0182943]
LogServer: 127.0.0.1:50143 disconnected.
LogJob(0x7e655c0020e0) Finished
LogServer: New client 127.0.0.1:42507.
WriteCSV: Creating CSV writer for file </app/envpool/data/current/logs.csv>
LogServer: New job 0x7e655c0020e0 period = 1  length = 0
[QuadrupedWBCEnv] Reset state env_id=0 z=0.299291 rpy=[-0.0122384, 0.0229099, -0.0185924]



Created envpool env QuadrupedWBC-v1 with :  1  environments



Observation space: Box(-inf, inf, (61,), float64)
Observation shape: (61,)
Function gym_sync_step took 10.70 seconds to run.
LogServer: 127.0.0.1:42507 disconnected.
LogJob(0x7e655c0020e0) Finished
LogServer: New client 127.0.0.1:60565.
WriteCSV: Creating CSV writer for file </app/envpool/data/current/logs.csv>
LogServer: New job 0x7e655c0020e0 period = 1  length = 0
[QuadrupedWBCEnv] Reset state env_id=0 z=0.299532 rpy=[-0.0138094, 0.0266695, -0.0182769]
LogServer: 127.0.0.1:60565 disconnected.
LogJob(0x7e655c0020e0) Finished
LogServer: New client 127.0.0.1:33767.
WriteCSV: Creating CSV writer for file </app/envpool/data/current/logs.csv>
LogServer: New job 0x7e655c0020e0 period = 1  length = 0
[QuadrupedWBCEnv] Reset state env_id=0 z=0.299305 rpy=[-0.0122693, 0.0230174, -0.0186122]
LogServer: 127.0.0.1:33767 disconnected.
LogJob(0x7e655c0020e0) Finished
cleanupHardware(SIM): Cleaning up hardware components...
Total execution time: 0h 1m 0s
