=== simulator .so sha256: 81f6ffcd15e0e9793bf0793078520d42e2774765b269ef79a43a073975018b67 === 2026-09-13T20:50:25+03:00
=== ours-add seed 1: 20000000 steps @ 1e-5 -> ./data/v1_ours_add_s1 === 2026-09-13T20:50:25+03:00
Gym has been unmaintained since 2022 and does not support NumPy 2.0 amongst other critical functionality.
Please upgrade to Gymnasium, the maintained drop-in replacement of Gym, or contact the authors of your software and request that they upgrade.
Users of this version of Gym should be able to simply replace 'import gym' with 'import gymnasium as gym' in the vast majority of cases.
See the migration guide at https://gymnasium.farama.org/introduction/migration_guide/ for additional information.
Logging to ./data/v1_ours_add_s1/tb
INFO:root:Experiment: quadruped_ppo_experiment
INFO:root:Using EnvPool for environment QuadrupedWBC-v0 with 256 envs. Seed: 1
Using GPU: False
INFO:root:Initial-condition randomisation enabled (base pose and joint angles)
INFO:root:Using EnvPool's default worker-thread count
initHardware(SIM): Initializing hardware components...
[0;33m[WW] ModuleManager: CHANGING UPDATE PERIOD: ![0m
initHardware(SIM): Initializing hardware components...
[0;33m[WW] ModuleManager: CHANGING UPDATE PERIOD: ![0m
initHardware(SIM): Initializing hardware components...
[0;33m[WW] ModuleManager: CHANGING UPDATE PERIOD: ![0m
initHardware(SIM): Initializing hardware components...
[0;33m[WW] ModuleManager: CHANGING UPDATE PERIOD: ![0m
initHardware(SIM): Initializing hardware components...
[0;33m[WW] ModuleManager: CHANGING UPDATE PERIOD: ![0m
initHardware(SIM): Initializing hardware components...
[0;33m[WW] ModuleManager: CHANGING UPDATE PERIOD: ![0m
initHardware(SIM): Initializing hardware components...
[0;33m[WW] ModuleManager: CHANGING UPDATE PERIOD: ![0m
initHardware(SIM): Initializing hardware components...
[0;33m[WW] ModuleManager: CHANGING UPDATE PERIOD: ![0m
initHardware(SIM): Initializing hardware components...
[0;33m[WW] ModuleManager: CHANGING UPDATE PERIOD: ![0m
initHardware(SIM): Initializing hardware components...
[0;33m[WW] ModuleManager: CHANGING UPDATE PERIOD: ![0m
initHardware(SIM): Initializing hardware components...
[0;33m[WW] ModuleManager: CHANGING UPDATE PERIOD: ![0m
initHardware(SIM): Initializing hardware components...
[0;33m[WW] ModuleManager: CHANGING UPDATE PERIOD: ![0m
initHardware(SIM): Initializing hardware components...
[0;33m[WW] ModuleManager: CHANGING UPDATE PERIOD: ![0m
initHardware(SIM): Initializing hardware components...
[0;33m[WW] ModuleManager: CHANGING UPDATE PERIOD: ![0m
initHardware(SIM): Initializing hardware components...
[0;33m[WW] ModuleManager: CHANGING UPDATE PERIOD: ![0m
initHardware(SIM): Initializing hardware components...
[0;33m[WW] ModuleManager: CHANGING UPDATE PERIOD: ![0m
initHardware(SIM): Initializing hardware components...
[0;33m[WW] ModuleManager: CHANGING UPDATE PERIOD: ![0m
initHardware(SIM): Initializing hardware components...
[0;33m[WW] ModuleManager: CHANGING UPDATE PERIOD: ![0m
initHardware(SIM): Initializing hardware components...
[0;33m[WW] ModuleManager: CHANGING UPDATE PERIOD: ![0m
initHardware(SIM): Initializing hardware components...
[0;33m[WW] ModuleManager: CHANGING UPDATE PERIOD: ![0m
initHardware(SIM): Initializing hardware components...
[0;33m[WW] ModuleManager: CHANGING UPDATE PERIOD: ![0m
initHardware(SIM): Initializing hardware components...
[0;33m[WW] ModuleManager: CHANGING UPDATE PERIOD: ![0m
initHardware(SIM): Initializing hardware components...
[0;33m[WW] ModuleManager: CHANGING UPDATE PERIOD: ![0m
initHardware(SIM): Initializing hardware components...
[0;33m[WW] ModuleManager: CHANGING UPDATE PERIOD: ![0m
initHardware(SIM): Initializing hardware components...
[0;33m[WW] ModuleManager: CHANGING UPDATE PERIOD: ![0m
initHardware(SIM): Initializing hardware components...
[0;33m[WW] ModuleManager: CHANGING UPDATE PERIOD: ![0m
initHardware(SIM): Initializing hardware components...
[0;33m[WW] ModuleManager: CHANGING UPDATE PERIOD: ![0m
initHardware(SIM): Initializing hardware components...
[0;33m[WW] ModuleManager: CHANGING UPDATE PERIOD: ![0m
initHardware(SIM): Initializing hardware components...
[0;33m[WW] ModuleManager: CHANGING UPDATE PERIOD: ![0m
initHardware(SIM): Initializing hardware components...
[0;33m[WW] ModuleManager: CHANGING UPDATE PERIOD: ![0m
initHardware(SIM): Initializing hardware components...
[0;33m[WW] ModuleManager: CHANGING UPDATE PERIOD: ![0m
initHardware(SIM): Initializing hardware components...
[0;33m[WW] ModuleManager: CHANGING UPDATE PERIOD: ![0m
initHardware(SIM): Initializing hardware components...
[0;33m[WW] ModuleManager: CHANGING UPDATE PERIOD: ![0m
initHardware(SIM): Initializing hardware components...
[0;33m[WW] ModuleManager: CHANGING UPDATE PERIOD: ![0m
initHardware(SIM): Initializing hardware components...
[0;33m[WW] ModuleManager: CHANGING UPDATE PERIOD: ![0m
initHardware(SIM): Initializing hardware components...
[0;33m[WW] ModuleManager: CHANGING UPDATE PERIOD: ![0m
initHardware(SIM): Initializing hardware components...
[0;33m[WW] ModuleManager: CHANGING UPDATE PERIOD: ![0m
initHardware(SIM): Initializing hardware components...
[0;33m[WW] ModuleManager: CHANGING UPDATE PERIOD: ![0m
initHardware(SIM): Initializing hardware components...
[0;33m[WW] ModuleManager: CHANGING UPDATE PERIOD: ![0m
initHardware(SIM): Initializing hardware components...
[0;33m[WW] ModuleManager: CHANGING UPDATE PERIOD: ![0m
initHardware(SIM): Initializing hardware components...
[0;33m[WW] ModuleManager: CHANGING UPDATE PERIOD: ![0m
initHardware(SIM): Initializing hardware components...
[0;33m[WW] ModuleManager: CHANGING UPDATE PERIOD: ![0m
initHardware(SIM): Initializing hardware components...
[0;33m[WW] ModuleManager: CHANGING UPDATE PERIOD: ![0m
initHardware(SIM): Initializing hardware components...
[0;33m[WW] ModuleManager: CHANGING UPDATE PERIOD: ![0m
initHardware(SIM): Initializing hardware components...
[0;33m[WW] ModuleManager: CHANGING UPDATE PERIOD: ![0m
initHardware(SIM): Initializing hardware components...
[0;33m[WW] ModuleManager: CHANGING UPDATE PERIOD: ![0m
initHardware(SIM): Initializing hardware components...
[0;33m[WW] ModuleManager: CHANGING UPDATE PERIOD: ![0m
initHardware(SIM): Initializing hardware components...
[0;33m[WW] ModuleManager: CHANGING UPDATE PERIOD: ![0m
initHardware(SIM): Initializing hardware components...
[0;33m[WW] ModuleManager: CHANGING UPDATE PERIOD: ![0m
initHardware(SIM): Initializing hardware components...
[0;33m[WW] ModuleManager: CHANGING UPDATE PERIOD: ![0m
initHardware(SIM): Initializing hardware components...
[0;33m[WW] ModuleManager: CHANGING UPDATE PERIOD: ![0m
initHardware(SIM): Initializing hardware components...
[0;33m[WW] ModuleManager: CHANGING UPDATE PERIOD: ![0m
initHardware(SIM): Initializing hardware components...
[0;33m[WW] ModuleManager: CHANGING UPDATE PERIOD: ![0m
initHardware(SIM): Initializing hardware components...
[0;33m[WW] ModuleManager: CHANGING UPDATE PERIOD: ![0m
initHardware(SIM): Initializing hardware components...
[0;33m[WW] ModuleManager: CHANGING UPDATE PERIOD: ![0m
initHardware(SIM): Initializing hardware components...
[0;33m[WW] ModuleManager: CHANGING UPDATE PERIOD: ![0m
initHardware(SIM): Initializing hardware components...
[0;33m[WW] ModuleManager: CHANGING UPDATE PERIOD: ![0m
initHardware(SIM): Initializing hardware components...
[0;33m[WW] ModuleManager: CHANGING UPDATE PERIOD: ![0m
initHardware(SIM): Initializing hardware components...
[0;33m[WW] ModuleManager: CHANGING UPDATE PERIOD: ![0m
initHardware(SIM): Initializing hardware components...
[0;33m[WW] ModuleManager: CHANGING UPDATE PERIOD: ![0m
initHardware(SIM): Initializing hardware components...
[0;33m[WW] ModuleManager: CHANGING UPDATE PERIOD: ![0m
initHardware(SIM): Initializing hardware components...
[0;33m[WW] ModuleManager: CHANGING UPDATE PERIOD: ![0m
initHardware(SIM): Initializing hardware components...
[0;33m[WW] ModuleManager: CHANGING UPDATE PERIOD: ![0m
initHardware(SIM): Initializing hardware components...
[0;33m[WW] ModuleManager: CHANGING UPDATE PERIOD: ![0m
initHardware(SIM): Initializing hardware components...
[0;33m[WW] ModuleManager: CHANGING UPDATE PERIOD: ![0m
initHardware(SIM): Initializing hardware components...
[0;33m[WW] ModuleManager: CHANGING UPDATE PERIOD: ![0m
initHardware(SIM): Initializing hardware components...
[0;33m[WW] ModuleManager: CHANGING UPDATE PERIOD: ![0m
initHardware(SIM): Initializing hardware components...
[0;33m[WW] ModuleManager: CHANGING UPDATE PERIOD: ![0m
initHardware(SIM): Initializing hardware components...
[0;33m[WW] ModuleManager: CHANGING UPDATE PERIOD: ![0m
initHardware(SIM): Initializing hardware components...
[0;33m[WW] ModuleManager: CHANGING UPDATE PERIOD: ![0m
initHardware(SIM): Initializing hardware components...
[0;33m[WW] ModuleManager: CHANGING UPDATE PERIOD: ![0m
initHardware(SIM): Initializing hardware components...
[0;33m[WW] ModuleManager: CHANGING UPDATE PERIOD: ![0m
initHardware(SIM): Initializing hardware components...
[0;33m[WW] ModuleManager: CHANGING UPDATE PERIOD: ![0m
initHardware(SIM): Initializing hardware components...
[0;33m[WW] ModuleManager: CHANGING UPDATE PERIOD: ![0m
initHardware(SIM): Initializing hardware components...
[0;33m[WW] ModuleManager: CHANGING UPDATE PERIOD: ![0m
initHardware(SIM): Initializing hardware components...
[0;33m[WW] ModuleManager: CHANGING UPDATE PERIOD: ![0m
initHardware(SIM): Initializing hardware components...
[0;33m[WW] ModuleManager: CHANGING UPDATE PERIOD: ![0m
initHardware(SIM): Initializing hardware components...
[0;33m[WW] ModuleManager: CHANGING UPDATE PERIOD: ![0m
initHardware(SIM): Initializing hardware components...
[0;33m[WW] ModuleManager: CHANGING UPDATE PERIOD: ![0m
initHardware(SIM): Initializing hardware components...
[0;33m[WW] ModuleManager: CHANGING UPDATE PERIOD: ![0m
initHardware(SIM): Initializing hardware components...
[0;33m[WW] ModuleManager: CHANGING UPDATE PERIOD: ![0m
initHardware(SIM): Initializing hardware components...
[0;33m[WW] ModuleManager: CHANGING UPDATE PERIOD: ![0m
initHardware(SIM): Initializing hardware components...
[0;33m[WW] ModuleManager: CHANGING UPDATE PERIOD: ![0m
initHardware(SIM): Initializing hardware components...
[0;33m[WW] ModuleManager: CHANGING UPDATE PERIOD: ![0m
initHardware(SIM): Initializing hardware components...
[0;33m[WW] ModuleManager: CHANGING UPDATE PERIOD: ![0m
initHardware(SIM): Initializing hardware components...
[0;33m[WW] ModuleManager: CHANGING UPDATE PERIOD: ![0m
initHardware(SIM): Initializing hardware components...
[0;33m[WW] ModuleManager: CHANGING UPDATE PERIOD: ![0m
initHardware(SIM): Initializing hardware components...
[0;33m[WW] ModuleManager: CHANGING UPDATE PERIOD: ![0m
initHardware(SIM): Initializing hardware components...
[0;33m[WW] ModuleManager: CHANGING UPDATE PERIOD: ![0m
initHardware(SIM): Initializing hardware components...
[0;33m[WW] ModuleManager: CHANGING UPDATE PERIOD: ![0m
initHardware(SIM): Initializing hardware components...
[0;33m[WW] ModuleManager: CHANGING UPDATE PERIOD: ![0m
initHardware(SIM): Initializing hardware components...
[0;33m[WW] ModuleManager: CHANGING UPDATE PERIOD: ![0m
initHardware(SIM): Initializing hardware components...
[0;33m[WW] ModuleManager: CHANGING UPDATE PERIOD: ![0m
initHardware(SIM): Initializing hardware components...
[0;33m[WW] ModuleManager: CHANGING UPDATE PERIOD: ![0m
initHardware(SIM): Initializing hardware components...
[0;33m[WW] ModuleManager: CHANGING UPDATE PERIOD: ![0m
initHardware(SIM): Initializing hardware components...
[0;33m[WW] ModuleManager: CHANGING UPDATE PERIOD: ![0m
initHardware(SIM): Initializing hardware components...
[0;33m[WW] ModuleManager: CHANGING UPDATE PERIOD: ![0m
initHardware(SIM): Initializing hardware components...
[0;33m[WW] ModuleManager: CHANGING UPDATE PERIOD: ![0m
initHardware(SIM): Initializing hardware components...
[0;33m[WW] ModuleManager: CHANGING UPDATE PERIOD: ![0m
initHardware(SIM): Initializing hardware components...
[0;33m[WW] ModuleManager: CHANGING UPDATE PERIOD: ![0m
initHardware(SIM): Initializing hardware components...
[0;33m[WW] ModuleManager: CHANGING UPDATE PERIOD: ![0m
initHardware(SIM): Initializing hardware components...
[0;33m[WW] ModuleManager: CHANGING UPDATE PERIOD: ![0m
initHardware(SIM): Initializing hardware components...
[0;33m[WW] ModuleManager: CHANGING UPDATE PERIOD: ![0m
initHardware(SIM): Initializing hardware components...
[0;33m[WW] ModuleManager: CHANGING UPDATE PERIOD: ![0m
initHardware(SIM): Initializing hardware components...
[0;33m[WW] ModuleManager: CHANGING UPDATE PERIOD: ![0m
initHardware(SIM): Initializing hardware components...
[0;33m[WW] ModuleManager: CHANGING UPDATE PERIOD: ![0m
initHardware(SIM): Initializing hardware components...
[0;33m[WW] ModuleManager: CHANGING UPDATE PERIOD: ![0m
initHardware(SIM): Initializing hardware components...
[0;33m[WW] ModuleManager: CHANGING UPDATE PERIOD: ![0m
initHardware(SIM): Initializing hardware components...
[0;33m[WW] ModuleManager: CHANGING UPDATE PERIOD: ![0m
initHardware(SIM): Initializing hardware components...
[0;33m[WW] ModuleManager: CHANGING UPDATE PERIOD: ![0m
initHardware(SIM): Initializing hardware components...
[0;33m[WW] ModuleManager: CHANGING UPDATE PERIOD: ![0m
initHardware(SIM): Initializing hardware components...
[0;33m[WW] ModuleManager: CHANGING UPDATE PERIOD: ![0m
initHardware(SIM): Initializing hardware components...
[0;33m[WW] ModuleManager: CHANGING UPDATE PERIOD: ![0m
initHardware(SIM): Initializing hardware components...
[0;33m[WW] ModuleManager: CHANGING UPDATE PERIOD: ![0m
initHardware(SIM): Initializing hardware components...
[0;33m[WW] ModuleManager: CHANGING UPDATE PERIOD: ![0m
initHardware(SIM): Initializing hardware components...
[0;33m[WW] ModuleManager: CHANGING UPDATE PERIOD: ![0m
initHardware(SIM): Initializing hardware components...
[0;33m[WW] ModuleManager: CHANGING UPDATE PERIOD: ![0m
initHardware(SIM): Initializing hardware components...
[0;33m[WW] ModuleManager: CHANGING UPDATE PERIOD: ![0m
initHardware(SIM): Initializing hardware components...
[0;33m[WW] ModuleManager: CHANGING UPDATE PERIOD: ![0m
initHardware(SIM): Initializing hardware components...
[0;33m[WW] ModuleManager: CHANGING UPDATE PERIOD: ![0m
initHardware(SIM): Initializing hardware components...
[0;33m[WW] ModuleManager: CHANGING UPDATE PERIOD: ![0m
initHardware(SIM): Initializing hardware components...
[0;33m[WW] ModuleManager: CHANGING UPDATE PERIOD: ![0m
initHardware(SIM): Initializing hardware components...
[0;33m[WW] ModuleManager: CHANGING UPDATE PERIOD: ![0m
initHardware(SIM): Initializing hardware components...
[0;33m[WW] ModuleManager: CHANGING UPDATE PERIOD: ![0m
initHardware(SIM): Initializing hardware components...
[0;33m[WW] ModuleManager: CHANGING UPDATE PERIOD: ![0m
initHardware(SIM): Initializing hardware components...
[0;33m[WW] ModuleManager: CHANGING UPDATE PERIOD: ![0m
initHardware(SIM): Initializing hardware components...
[0;33m[WW] ModuleManager: CHANGING UPDATE PERIOD: ![0m
initHardware(SIM): Initializing hardware components...
[0;33m[WW] ModuleManager: CHANGING UPDATE PERIOD: ![0m
initHardware(SIM): Initializing hardware components...
[0;33m[WW] ModuleManager: CHANGING UPDATE PERIOD: ![0m
initHardware(SIM): Initializing hardware components...
[0;33m[WW] ModuleManager: CHANGING UPDATE PERIOD: ![0m
initHardware(SIM): Initializing hardware components...
[0;33m[WW] ModuleManager: CHANGING UPDATE PERIOD: ![0m
initHardware(SIM): Initializing hardware components...
[0;33m[WW] ModuleManager: CHANGING UPDATE PERIOD: ![0m
initHardware(SIM): Initializing hardware components...
[0;33m[WW] ModuleManager: CHANGING UPDATE PERIOD: ![0m
initHardware(SIM): Initializing hardware components...
[0;33m[WW] ModuleManager: CHANGING UPDATE PERIOD: ![0m
initHardware(SIM): Initializing hardware components...
[0;33m[WW] ModuleManager: CHANGING UPDATE PERIOD: ![0m
initHardware(SIM): Initializing hardware components...
[0;33m[WW] ModuleManager: CHANGING UPDATE PERIOD: ![0m
initHardware(SIM): Initializing hardware components...
[0;33m[WW] ModuleManager: CHANGING UPDATE PERIOD: ![0m
initHardware(SIM): Initializing hardware components...
[0;33m[WW] ModuleManager: CHANGING UPDATE PERIOD: ![0m
initHardware(SIM): Initializing hardware components...
[0;33m[WW] ModuleManager: CHANGING UPDATE PERIOD: ![0m
initHardware(SIM): Initializing hardware components...
[0;33m[WW] ModuleManager: CHANGING UPDATE PERIOD: ![0m
initHardware(SIM): Initializing hardware components...
[0;33m[WW] ModuleManager: CHANGING UPDATE PERIOD: ![0m
initHardware(SIM): Initializing hardware components...
[0;33m[WW] ModuleManager: CHANGING UPDATE PERIOD: ![0m
initHardware(SIM): Initializing hardware components...
[0;33m[WW] ModuleManager: CHANGING UPDATE PERIOD: ![0m
initHardware(SIM): Initializing hardware components...
[0;33m[WW] ModuleManager: CHANGING UPDATE PERIOD: ![0m
initHardware(SIM): Initializing hardware components...
[0;33m[WW] ModuleManager: CHANGING UPDATE PERIOD: ![0m
initHardware(SIM): Initializing hardware components...
[0;33m[WW] ModuleManager: CHANGING UPDATE PERIOD: ![0m
initHardware(SIM): Initializing hardware components...
[0;33m[WW] ModuleManager: CHANGING UPDATE PERIOD: ![0m
initHardware(SIM): Initializing hardware components...
[0;33m[WW] ModuleManager: CHANGING UPDATE PERIOD: ![0m
initHardware(SIM): Initializing hardware components...
[0;33m[WW] ModuleManager: CHANGING UPDATE PERIOD: ![0m
initHardware(SIM): Initializing hardware components...
[0;33m[WW] ModuleManager: CHANGING UPDATE PERIOD: ![0m
initHardware(SIM): Initializing hardware components...
[0;33m[WW] ModuleManager: CHANGING UPDATE PERIOD: ![0m
initHardware(SIM): Initializing hardware components...
[0;33m[WW] ModuleManager: CHANGING UPDATE PERIOD: ![0m
initHardware(SIM): Initializing hardware components...
[0;33m[WW] ModuleManager: CHANGING UPDATE PERIOD: ![0m
initHardware(SIM): Initializing hardware components...
[0;33m[WW] ModuleManager: CHANGING UPDATE PERIOD: ![0m
initHardware(SIM): Initializing hardware components...
[0;33m[WW] ModuleManager: CHANGING UPDATE PERIOD: ![0m
initHardware(SIM): Initializing hardware components...
[0;33m[WW] ModuleManager: CHANGING UPDATE PERIOD: ![0m
initHardware(SIM): Initializing hardware components...
[0;33m[WW] ModuleManager: CHANGING UPDATE PERIOD: ![0m
initHardware(SIM): Initializing hardware components...
[0;33m[WW] ModuleManager: CHANGING UPDATE PERIOD: ![0m
initHardware(SIM): Initializing hardware components...
[0;33m[WW] ModuleManager: CHANGING UPDATE PERIOD: ![0m
initHardware(SIM): Initializing hardware components...
[0;33m[WW] ModuleManager: CHANGING UPDATE PERIOD: ![0m
initHardware(SIM): Initializing hardware components...
[0;33m[WW] ModuleManager: CHANGING UPDATE PERIOD: ![0m
initHardware(SIM): Initializing hardware components...
[0;33m[WW] ModuleManager: CHANGING UPDATE PERIOD: ![0m
initHardware(SIM): Initializing hardware components...
[0;33m[WW] ModuleManager: CHANGING UPDATE PERIOD: ![0m
initHardware(SIM): Initializing hardware components...
[0;33m[WW] ModuleManager: CHANGING UPDATE PERIOD: ![0m
initHardware(SIM): Initializing hardware components...
[0;33m[WW] ModuleManager: CHANGING UPDATE PERIOD: ![0m
initHardware(SIM): Initializing hardware components...
[0;33m[WW] ModuleManager: CHANGING UPDATE PERIOD: ![0m
initHardware(SIM): Initializing hardware components...
[0;33m[WW] ModuleManager: CHANGING UPDATE PERIOD: ![0m
initHardware(SIM): Initializing hardware components...
[0;33m[WW] ModuleManager: CHANGING UPDATE PERIOD: ![0m
initHardware(SIM): Initializing hardware components...
[0;33m[WW] ModuleManager: CHANGING UPDATE PERIOD: ![0m
initHardware(SIM): Initializing hardware components...
[0;33m[WW] ModuleManager: CHANGING UPDATE PERIOD: ![0m
initHardware(SIM): Initializing hardware components...
[0;33m[WW] ModuleManager: CHANGING UPDATE PERIOD: ![0m
initHardware(SIM): Initializing hardware components...
[0;33m[WW] ModuleManager: CHANGING UPDATE PERIOD: ![0m
initHardware(SIM): Initializing hardware components...
[0;33m[WW] ModuleManager: CHANGING UPDATE PERIOD: ![0m
initHardware(SIM): Initializing hardware components...
[0;33m[WW] ModuleManager: CHANGING UPDATE PERIOD: ![0m
initHardware(SIM): Initializing hardware components...
[0;33m[WW] ModuleManager: CHANGING UPDATE PERIOD: ![0m
initHardware(SIM): Initializing hardware components...
[0;33m[WW] ModuleManager: CHANGING UPDATE PERIOD: ![0m
initHardware(SIM): Initializing hardware components...
[0;33m[WW] ModuleManager: CHANGING UPDATE PERIOD: ![0m
initHardware(SIM): Initializing hardware components...
[0;33m[WW] ModuleManager: CHANGING UPDATE PERIOD: ![0m
initHardware(SIM): Initializing hardware components...
[0;33m[WW] ModuleManager: CHANGING UPDATE PERIOD: ![0m
initHardware(SIM): Initializing hardware components...
[0;33m[WW] ModuleManager: CHANGING UPDATE PERIOD: ![0m
initHardware(SIM): Initializing hardware components...
[0;33m[WW] ModuleManager: CHANGING UPDATE PERIOD: ![0m
initHardware(SIM): Initializing hardware components...
[0;33m[WW] ModuleManager: CHANGING UPDATE PERIOD: ![0m
initHardware(SIM): Initializing hardware components...
[0;33m[WW] ModuleManager: CHANGING UPDATE PERIOD: ![0m
initHardware(SIM): Initializing hardware components...
[0;33m[WW] ModuleManager: CHANGING UPDATE PERIOD: ![0m
initHardware(SIM): Initializing hardware components...
[0;33m[WW] ModuleManager: CHANGING UPDATE PERIOD: ![0m
initHardware(SIM): Initializing hardware components...
[0;33m[WW] ModuleManager: CHANGING UPDATE PERIOD: ![0m
initHardware(SIM): Initializing hardware components...
[0;33m[WW] ModuleManager: CHANGING UPDATE PERIOD: ![0m
initHardware(SIM): Initializing hardware components...
[0;33m[WW] ModuleManager: CHANGING UPDATE PERIOD: ![0m
initHardware(SIM): Initializing hardware components...
[0;33m[WW] ModuleManager: CHANGING UPDATE PERIOD: ![0m
initHardware(SIM): Initializing hardware components...
[0;33m[WW] ModuleManager: CHANGING UPDATE PERIOD: ![0m
initHardware(SIM): Initializing hardware components...
[0;33m[WW] ModuleManager: CHANGING UPDATE PERIOD: ![0m
initHardware(SIM): Initializing hardware components...
[0;33m[WW] ModuleManager: CHANGING UPDATE PERIOD: ![0m
initHardware(SIM): Initializing hardware components...
[0;33m[WW] ModuleManager: CHANGING UPDATE PERIOD: ![0m
initHardware(SIM): Initializing hardware components...
[0;33m[WW] ModuleManager: CHANGING UPDATE PERIOD: ![0m
initHardware(SIM): Initializing hardware components...
[0;33m[WW] ModuleManager: CHANGING UPDATE PERIOD: ![0m
initHardware(SIM): Initializing hardware components...
[0;33m[WW] ModuleManager: CHANGING UPDATE PERIOD: ![0m
initHardware(SIM): Initializing hardware components...
[0;33m[WW] ModuleManager: CHANGING UPDATE PERIOD: ![0m
initHardware(SIM): Initializing hardware components...
[0;33m[WW] ModuleManager: CHANGING UPDATE PERIOD: ![0m
initHardware(SIM): Initializing hardware components...
[0;33m[WW] ModuleManager: CHANGING UPDATE PERIOD: ![0m
initHardware(SIM): Initializing hardware components...
[0;33m[WW] ModuleManager: CHANGING UPDATE PERIOD: ![0m
initHardware(SIM): Initializing hardware components...
[0;33m[WW] ModuleManager: CHANGING UPDATE PERIOD: ![0m
initHardware(SIM): Initializing hardware components...
[0;33m[WW] ModuleManager: CHANGING UPDATE PERIOD: ![0m
initHardware(SIM): Initializing hardware components...
[0;33m[WW] ModuleManager: CHANGING UPDATE PERIOD: ![0m
initHardware(SIM): Initializing hardware components...
[0;33m[WW] ModuleManager: CHANGING UPDATE PERIOD: ![0m
initHardware(SIM): Initializing hardware components...
[0;33m[WW] ModuleManager: CHANGING UPDATE PERIOD: ![0m
initHardware(SIM): Initializing hardware components...
[0;33m[WW] ModuleManager: CHANGING UPDATE PERIOD: ![0m
initHardware(SIM): Initializing hardware components...
[0;33m[WW] ModuleManager: CHANGING UPDATE PERIOD: ![0m
initHardware(SIM): Initializing hardware components...
[0;33m[WW] ModuleManager: CHANGING UPDATE PERIOD: ![0m
initHardware(SIM): Initializing hardware components...
[0;33m[WW] ModuleManager: CHANGING UPDATE PERIOD: ![0m
initHardware(SIM): Initializing hardware components...
[0;33m[WW] ModuleManager: CHANGING UPDATE PERIOD: ![0m
initHardware(SIM): Initializing hardware components...
[0;33m[WW] ModuleManager: CHANGING UPDATE PERIOD: ![0m
initHardware(SIM): Initializing hardware components...
[0;33m[WW] ModuleManager: CHANGING UPDATE PERIOD: ![0m
initHardware(SIM): Initializing hardware components...
[0;33m[WW] ModuleManager: CHANGING UPDATE PERIOD: ![0m
initHardware(SIM): Initializing hardware components...
[0;33m[WW] ModuleManager: CHANGING UPDATE PERIOD: ![0m
initHardware(SIM): Initializing hardware components...
[0;33m[WW] ModuleManager: CHANGING UPDATE PERIOD: ![0m
initHardware(SIM): Initializing hardware components...
[0;33m[WW] ModuleManager: CHANGING UPDATE PERIOD: ![0m
initHardware(SIM): Initializing hardware components...
[0;33m[WW] ModuleManager: CHANGING UPDATE PERIOD: ![0m
initHardware(SIM): Initializing hardware components...
[0;33m[WW] ModuleManager: CHANGING UPDATE PERIOD: ![0m
initHardware(SIM): Initializing hardware components...
[0;33m[WW] ModuleManager: CHANGING UPDATE PERIOD: ![0m
initHardware(SIM): Initializing hardware components...
[0;33m[WW] ModuleManager: CHANGING UPDATE PERIOD: ![0m
initHardware(SIM): Initializing hardware components...
[0;33m[WW] ModuleManager: CHANGING UPDATE PERIOD: ![0m
initHardware(SIM): Initializing hardware components...
[0;33m[WW] ModuleManager: CHANGING UPDATE PERIOD: ![0m
initHardware(SIM): Initializing hardware components...
[0;33m[WW] ModuleManager: CHANGING UPDATE PERIOD: ![0m
initHardware(SIM): Initializing hardware components...
[0;33m[WW] ModuleManager: CHANGING UPDATE PERIOD: ![0m
initHardware(SIM): Initializing hardware components...
[0;33m[WW] ModuleManager: CHANGING UPDATE PERIOD: ![0m
initHardware(SIM): Initializing hardware components...
[0;33m[WW] ModuleManager: CHANGING UPDATE PERIOD: ![0m
initHardware(SIM): Initializing hardware components...
[0;33m[WW] ModuleManager: CHANGING UPDATE PERIOD: ![0m
initHardware(SIM): Initializing hardware components...
[0;33m[WW] ModuleManager: CHANGING UPDATE PERIOD: ![0m
initHardware(SIM): Initializing hardware components...
[0;33m[WW] ModuleManager: CHANGING UPDATE PERIOD: ![0m
initHardware(SIM): Initializing hardware components...
[0;33m[WW] ModuleManager: CHANGING UPDATE PERIOD: ![0m
initHardware(SIM): Initializing hardware components...
[0;33m[WW] ModuleManager: CHANGING UPDATE PERIOD: ![0m
initHardware(SIM): Initializing hardware components...
[0;33m[WW] ModuleManager: CHANGING UPDATE PERIOD: ![0m
initHardware(SIM): Initializing hardware components...
[0;33m[WW] ModuleManager: CHANGING UPDATE PERIOD: ![0m
initHardware(SIM): Initializing hardware components...
[0;33m[WW] ModuleManager: CHANGING UPDATE PERIOD: ![0m
initHardware(SIM): Initializing hardware components...
[0;33m[WW] ModuleManager: CHANGING UPDATE PERIOD: ![0m
initHardware(SIM): Initializing hardware components...
[0;33m[WW] ModuleManager: CHANGING UPDATE PERIOD: ![0m
initHardware(SIM): Initializing hardware components...
[0;33m[WW] ModuleManager: CHANGING UPDATE PERIOD: ![0m
initHardware(SIM): Initializing hardware components...
[0;33m[WW] ModuleManager: CHANGING UPDATE PERIOD: ![0m
initHardware(SIM): Initializing hardware components...
[0;33m[WW] ModuleManager: CHANGING UPDATE PERIOD: ![0m
initHardware(SIM): Initializing hardware components...
[0;33m[WW] ModuleManager: CHANGING UPDATE PERIOD: ![0m
initHardware(SIM): Initializing hardware components...
[0;33m[WW] ModuleManager: CHANGING UPDATE PERIOD: ![0m
initHardware(SIM): Initializing hardware components...
[0;33m[WW] ModuleManager: CHANGING UPDATE PERIOD: ![0m
initHardware(SIM): Initializing hardware components...
[0;33m[WW] ModuleManager: CHANGING UPDATE PERIOD: ![0m
initHardware(SIM): Initializing hardware components...
[0;33m[WW] ModuleManager: CHANGING UPDATE PERIOD: ![0m
initHardware(SIM): Initializing hardware components...
[0;33m[WW] ModuleManager: CHANGING UPDATE PERIOD: ![0m
initHardware(SIM): Initializing hardware components...
[0;33m[WW] ModuleManager: CHANGING UPDATE PERIOD: ![0m
initHardware(SIM): Initializing hardware components...
[0;33m[WW] ModuleManager: CHANGING UPDATE PERIOD: ![0m
initHardware(SIM): Initializing hardware components...
[0;33m[WW] ModuleManager: CHANGING UPDATE PERIOD: ![0m
initHardware(SIM): Initializing hardware components...
[0;33m[WW] ModuleManager: CHANGING UPDATE PERIOD: ![0m
initHardware(SIM): Initializing hardware components...
[0;33m[WW] ModuleManager: CHANGING UPDATE PERIOD: ![0m
initHardware(SIM): Initializing hardware components...
[0;33m[WW] ModuleManager: CHANGING UPDATE PERIOD: ![0m
initHardware(SIM): Initializing hardware components...
[0;33m[WW] ModuleManager: CHANGING UPDATE PERIOD: ![0m
initHardware(SIM): Initializing hardware components...
[0;33m[WW] ModuleManager: CHANGING UPDATE PERIOD: ![0m
initHardware(SIM): Initializing hardware components...
[0;33m[WW] ModuleManager: CHANGING UPDATE PERIOD: ![0m
initHardware(SIM): Initializing hardware components...
[0;33m[WW] ModuleManager: CHANGING UPDATE PERIOD: ![0m
initHardware(SIM): Initializing hardware components...
[0;33m[WW] ModuleManager: CHANGING UPDATE PERIOD: ![0m
/usr/local/lib/python3.10/dist-packages/stable_baselines3/common/vec_env/base_vec_env.py:78: UserWarning: The `render_mode` attribute is not defined in your environment. It will be set to None.
  warnings.warn("The `render_mode` attribute is not defined in your environment. It will be set to None.")
Using VecNormalize wrapper...
Creating new model...
Using cpu device
/usr/local/lib/python3.10/dist-packages/stable_baselines3/common/policies.py:486: UserWarning: As shared layers in the mlp_extractor are removed since SB3 v1.8.0, you should now pass directly a dictionary and not a list (net_arch=dict(pi=..., vf=...) instead of net_arch=[dict(pi=..., vf=...)])
  warnings.warn(
New model created.
INFO:root:Overriding learning rate: 1e-05
/usr/local/lib/python3.10/dist-packages/stable_baselines3/common/utils.py:168: UserWarning: get_schedule_fn() is deprecated, please use FloatSchedule() instead
  warnings.warn("get_schedule_fn() is deprecated, please use FloatSchedule() instead")
/usr/local/lib/python3.10/dist-packages/stable_baselines3/common/utils.py:214: UserWarning: constant_fn() is deprecated, please use ConstantSchedule() instead
  warnings.warn("constant_fn() is deprecated, please use ConstantSchedule() instead")
INFO:root:Starting training...
INFO:root:Action std clamped to [0.05, 0.3] after every optimizer step
INFO:root:Setting target_kl: 0.01 (was 0.01)
[QuadrupedWBCEnv] Reset state env_id=0 z=0.328863 rpy=[-0.0469246, -0.0348558, -0.00897207]
----------------------------------------------
| rollout/                        |          |
|    action_saturation_fraction   | 0        |
|    ep_len_mean                  | 313      |
|    ep_rew_mean                  | 208      |
|    episodes_noforce             | 6        |
|    force_direction_mean         | -1       |
|    force_onset_mean             | 1.03     |
|    force_requested_impulse_mean | 0        |
|    is_fall_mean                 | 1        |
|    is_timeout_mean              | 0        |
|    recovery_noforce             | 0        |
| time/                           |          |
|    fps                          | 12261    |
|    iterations                   | 1        |
|    time_elapsed                 | 10       |
|    total_timesteps              | 131072   |
| train/                          |          |
|    action_std_00                | 0.05     |
|    action_std_01                | 0.05     |
|    action_std_02                | 0.05     |
|    action_std_03                | 0.05     |
|    action_std_04                | 0.05     |
|    action_std_05                | 0.05     |
|    action_std_06                | 0.05     |
|    action_std_07                | 0.05     |
|    action_std_08                | 0.05     |
|    action_std_09                | 0.05     |
|    action_std_10                | 0.05     |
|    action_std_11                | 0.05     |
|    action_std_12                | 0.05     |
|    action_std_13                | 0.05     |
|    action_std_14                | 0.05     |
|    action_std_15                | 0.05     |
|    action_std_16                | 0.05     |
|    action_std_17                | 0.05     |
|    action_std_18                | 0.05     |
|    action_std_19                | 0.05     |
|    action_std_20                | 0.05     |
|    action_std_21                | 0.05     |
|    action_std_22                | 0.05     |
|    action_std_23                | 0.05     |
|    action_std_24                | 0.05     |
|    std_max                      | 0.05     |
|    std_min                      | 0.05     |
----------------------------------------------
[QuadrupedWBCEnv] Reset state env_id=0 z=0.271985 rpy=[-0.0530791, -0.018419, -0.000830786]
----------------------------------------------------
| rollout/                          |              |
|    action_saturation_fraction     | 0            |
|    ep_len_mean                    | 1e+03        |
|    ep_rew_mean                    | 681          |
|    episodes_noforce               | 252          |
|    force_direction_mean           | -1           |
|    force_onset_mean               | 1.4          |
|    force_requested_impulse_mean   | 0            |
|    is_fall_mean                   | 0.0397       |
|    is_timeout_mean                | 0.96         |
|    recovery_noforce               | 0.96         |
|    timeout_without_onset_fraction | 0            |
|    timeouts                       | 242          |
| time/                             |              |
|    fps                            | 9000         |
|    iterations                     | 2            |
|    time_elapsed                   | 29           |
|    total_timesteps                | 262144       |
| train/                            |              |
|    action_std_00                  | 0.0501       |
|    action_std_01                  | 0.05         |
|    action_std_02                  | 0.0501       |
|    action_std_03                  | 0.0501       |
|    action_std_04                  | 0.05         |
|    action_std_05                  | 0.0501       |
|    action_std_06                  | 0.0501       |
|    action_std_07                  | 0.0501       |
|    action_std_08                  | 0.0501       |
|    action_std_09                  | 0.0501       |
|    action_std_10                  | 0.0501       |
|    action_std_11                  | 0.0501       |
|    action_std_12                  | 0.0501       |
|    action_std_13                  | 0.0502       |
|    action_std_14                  | 0.0501       |
|    action_std_15                  | 0.05         |
|    action_std_16                  | 0.0501       |
|    action_std_17                  | 0.0501       |
|    action_std_18                  | 0.0501       |
|    action_std_19                  | 0.0501       |
|    action_std_20                  | 0.0501       |
|    action_std_21                  | 0.0501       |
|    action_std_22                  | 0.0501       |
|    action_std_23                  | 0.0501       |
|    action_std_24                  | 0.0501       |
|    approx_kl                      | 0.0025481023 |
|    clip_fraction                  | 0.133        |
|    clip_range                     | 0.1          |
|    clip_range_vf                  | 0.2          |
|    entropy_loss                   | 39.4         |
|    explained_variance             | -0.103       |
|    learning_rate                  | 1e-05        |
|    loss                           | 2.87         |
|    n_updates                      | 10           |
|    policy_gradient_loss           | -0.00243     |
|    std                            | 0.0501       |
|    std_max                        | 0.0502       |
|    std_min                        | 0.05         |
|    value_loss                     | 2.86         |
----------------------------------------------------
----------------------------------------------------
| rollout/                          |              |
|    action_saturation_fraction     | 0            |
|    ep_len_mean                    | 968          |
|    ep_rew_mean                    | 659          |
|    episodes_noforce               | 9            |
|    force_direction_mean           | -1           |
|    force_onset_mean               | 1.48         |
|    force_requested_impulse_mean   | 0            |
|    is_fall_mean                   | 0.556        |
|    is_timeout_mean                | 0.444        |
|    recovery_noforce               | 0.444        |
|    timeout_without_onset_fraction | 0            |
|    timeouts                       | 4            |
| time/                             |              |
|    fps                            | 8447         |
|    iterations                     | 3            |
|    time_elapsed                   | 46           |
|    total_timesteps                | 393216       |
| train/                            |              |
|    action_std_00                  | 0.0502       |
|    action_std_01                  | 0.0501       |
|    action_std_02                  | 0.0502       |
|    action_std_03                  | 0.0501       |
|    action_std_04                  | 0.0501       |
|    action_std_05                  | 0.0503       |
|    action_std_06                  | 0.0501       |
|    action_std_07                  | 0.0502       |
|    action_std_08                  | 0.0502       |
|    action_std_09                  | 0.0502       |
|    action_std_10                  | 0.0502       |
|    action_std_11                  | 0.0501       |
|    action_std_12                  | 0.0502       |
|    action_std_13                  | 0.0502       |
|    action_std_14                  | 0.0502       |
|    action_std_15                  | 0.0502       |
|    action_std_16                  | 0.0503       |
|    action_std_17                  | 0.0502       |
|    action_std_18                  | 0.0502       |
|    action_std_19                  | 0.0502       |
|    action_std_20                  | 0.0502       |
|    action_std_21                  | 0.0501       |
|    action_std_22                  | 0.0502       |
|    action_std_23                  | 0.0502       |
|    action_std_24                  | 0.0502       |
|    approx_kl                      | 0.0021692594 |
|    clip_fraction                  | 0.109        |
|    clip_range                     | 0.1          |
|    clip_range_vf                  | 0.2          |
|    entropy_loss                   | 39.3         |
|    explained_variance             | -0.36        |
|    learning_rate                  | 1e-05        |
|    loss                           | 1.79         |
|    n_updates                      | 20           |
|    policy_gradient_loss           | -0.0016      |
|    std                            | 0.0502       |
|    std_max                        | 0.0503       |
|    std_min                        | 0.0501       |
|    value_loss                     | 1.46         |
----------------------------------------------------
[QuadrupedWBCEnv] Reset state env_id=0 z=0.292025 rpy=[-0.0450598, -0.0230831, -0.00165977]
----------------------------------------------------
| rollout/                          |              |
|    action_saturation_fraction     | 0            |
|    ep_len_mean                    | 1e+03        |
|    ep_rew_mean                    | 682          |
|    episodes_noforce               | 247          |
|    force_direction_mean           | -1           |
|    force_onset_mean               | 1.4          |
|    force_requested_impulse_mean   | 0            |
|    is_fall_mean                   | 0.0526       |
|    is_timeout_mean                | 0.947        |
|    recovery_noforce               | 0.947        |
|    timeout_without_onset_fraction | 0            |
|    timeouts                       | 234          |
| time/                             |              |
|    fps                            | 8070         |
|    iterations                     | 4            |
|    time_elapsed                   | 64           |
|    total_timesteps                | 524288       |
| train/                            |              |
|    action_std_00                  | 0.0503       |
|    action_std_01                  | 0.0502       |
|    action_std_02                  | 0.0503       |
|    action_std_03                  | 0.0502       |
|    action_std_04                  | 0.0502       |
|    action_std_05                  | 0.0503       |
|    action_std_06                  | 0.0502       |
|    action_std_07                  | 0.0503       |
|    action_std_08                  | 0.0503       |
|    action_std_09                  | 0.0503       |
|    action_std_10                  | 0.0503       |
|    action_std_11                  | 0.0502       |
|    action_std_12                  | 0.0502       |
|    action_std_13                  | 0.0503       |
|    action_std_14                  | 0.0503       |
|    action_std_15                  | 0.0502       |
|    action_std_16                  | 0.0503       |
|    action_std_17                  | 0.0504       |
|    action_std_18                  | 0.0503       |
|    action_std_19                  | 0.0503       |
|    action_std_20                  | 0.0503       |
|    action_std_21                  | 0.0502       |
|    action_std_22                  | 0.0502       |
|    action_std_23                  | 0.0504       |
|    action_std_24                  | 0.0502       |
|    approx_kl                      | 0.0021373986 |
|    clip_fraction                  | 0.109        |
|    clip_range                     | 0.1          |
|    clip_range_vf                  | 0.2          |
|    entropy_loss                   | 39.3         |
|    explained_variance             | -1.24        |
|    learning_rate                  | 1e-05        |
|    loss                           | 1.84         |
|    n_updates                      | 30           |
|    policy_gradient_loss           | -0.00166     |
|    std                            | 0.0503       |
|    std_max                        | 0.0504       |
|    std_min                        | 0.0502       |
|    value_loss                     | 1.49         |
----------------------------------------------------
----------------------------------------------------
| rollout/                          |              |
|    action_saturation_fraction     | 0            |
|    ep_len_mean                    | 930          |
|    ep_rew_mean                    | 634          |
|    episodes_noforce               | 21           |
|    force_direction_mean           | -1           |
|    force_onset_mean               | 1.27         |
|    force_requested_impulse_mean   | 0            |
|    is_fall_mean                   | 0.571        |
|    is_timeout_mean                | 0.429        |
|    recovery_noforce               | 0.429        |
|    timeout_without_onset_fraction | 0            |
|    timeouts                       | 9            |
| time/                             |              |
|    fps                            | 7965         |
|    iterations                     | 5            |
|    time_elapsed                   | 82           |
|    total_timesteps                | 655360       |
| train/                            |              |
|    action_std_00                  | 0.0504       |
|    action_std_01                  | 0.0503       |
|    action_std_02                  | 0.0504       |
|    action_std_03                  | 0.0503       |
|    action_std_04                  | 0.0502       |
|    action_std_05                  | 0.0504       |
|    action_std_06                  | 0.0503       |
|    action_std_07                  | 0.0505       |
|    action_std_08                  | 0.0503       |
|    action_std_09                  | 0.0504       |
|    action_std_10                  | 0.0504       |
|    action_std_11                  | 0.0502       |
|    action_std_12                  | 0.0503       |
|    action_std_13                  | 0.0505       |
|    action_std_14                  | 0.0503       |
|    action_std_15                  | 0.0503       |
|    action_std_16                  | 0.0504       |
|    action_std_17                  | 0.0505       |
|    action_std_18                  | 0.0504       |
|    action_std_19                  | 0.0504       |
|    action_std_20                  | 0.0504       |
|    action_std_21                  | 0.0503       |
|    action_std_22                  | 0.0503       |
|    action_std_23                  | 0.0505       |
|    action_std_24                  | 0.0504       |
|    approx_kl                      | 0.0022611222 |
|    clip_fraction                  | 0.115        |
|    clip_range                     | 0.1          |
|    clip_range_vf                  | 0.2          |
|    entropy_loss                   | 39.3         |
|    explained_variance             | -0.159       |
|    learning_rate                  | 1e-05        |
|    loss                           | 1.8          |
|    n_updates                      | 40           |
|    policy_gradient_loss           | -0.00181     |
|    std                            | 0.0504       |
|    std_max                        | 0.0505       |
|    std_min                        | 0.0502       |
|    value_loss                     | 1.45         |
----------------------------------------------------
[QuadrupedWBCEnv] Reset state env_id=0 z=0.30192 rpy=[-0.0357252, -0.0309443, -0.00461673]
---------------------------------------------------
| rollout/                          |             |
|    action_saturation_fraction     | 0           |
|    ep_len_mean                    | 1e+03       |
|    ep_rew_mean                    | 683         |
|    episodes_noforce               | 237         |
|    force_direction_mean           | -1          |
|    force_onset_mean               | 1.39        |
|    force_requested_impulse_mean   | 0           |
|    is_fall_mean                   | 0.0422      |
|    is_timeout_mean                | 0.958       |
|    recovery_noforce               | 0.958       |
|    timeout_without_onset_fraction | 0           |
|    timeouts                       | 227         |
| time/                             |             |
|    fps                            | 7824        |
|    iterations                     | 6           |
|    time_elapsed                   | 100         |
|    total_timesteps                | 786432      |
| train/                            |             |
|    action_std_00                  | 0.0505      |
|    action_std_01                  | 0.0504      |
|    action_std_02                  | 0.0505      |
|    action_std_03                  | 0.0504      |
|    action_std_04                  | 0.0503      |
|    action_std_05                  | 0.0504      |
|    action_std_06                  | 0.0504      |
|    action_std_07                  | 0.0505      |
|    action_std_08                  | 0.0505      |
|    action_std_09                  | 0.0505      |
|    action_std_10                  | 0.0505      |
|    action_std_11                  | 0.0503      |
|    action_std_12                  | 0.0505      |
|    action_std_13                  | 0.0505      |
|    action_std_14                  | 0.0504      |
|    action_std_15                  | 0.0504      |
|    action_std_16                  | 0.0504      |
|    action_std_17                  | 0.0506      |
|    action_std_18                  | 0.0505      |
|    action_std_19                  | 0.0505      |
|    action_std_20                  | 0.0505      |
|    action_std_21                  | 0.0504      |
|    action_std_22                  | 0.0504      |
|    action_std_23                  | 0.0506      |
|    action_std_24                  | 0.0505      |
|    approx_kl                      | 0.002231313 |
|    clip_fraction                  | 0.112       |
|    clip_range                     | 0.1         |
|    clip_range_vf                  | 0.2         |
|    entropy_loss                   | 39.2        |
|    explained_variance             | -0.579      |
|    learning_rate                  | 1e-05       |
|    loss                           | 1.82        |
|    n_updates                      | 50          |
|    policy_gradient_loss           | -0.00189    |
|    std                            | 0.0505      |
|    std_max                        | 0.0506      |
|    std_min                        | 0.0503      |
|    value_loss                     | 1.41        |
---------------------------------------------------
----------------------------------------------------
| rollout/                          |              |
|    action_saturation_fraction     | 0            |
|    ep_len_mean                    | 953          |
|    ep_rew_mean                    | 647          |
|    episodes_noforce               | 29           |
|    force_direction_mean           | -1           |
|    force_onset_mean               | 1.36         |
|    force_requested_impulse_mean   | 0            |
|    is_fall_mean                   | 0.276        |
|    is_timeout_mean                | 0.724        |
|    recovery_noforce               | 0.724        |
|    timeout_without_onset_fraction | 0            |
|    timeouts                       | 21           |
| time/                             |              |
|    fps                            | 7793         |
|    iterations                     | 7            |
|    time_elapsed                   | 117          |
|    total_timesteps                | 917504       |
| train/                            |              |
|    action_std_00                  | 0.0506       |
|    action_std_01                  | 0.0505       |
|    action_std_02                  | 0.0506       |
|    action_std_03                  | 0.0506       |
|    action_std_04                  | 0.0504       |
|    action_std_05                  | 0.0505       |
|    action_std_06                  | 0.0505       |
|    action_std_07                  | 0.0506       |
|    action_std_08                  | 0.0506       |
|    action_std_09                  | 0.0506       |
|    action_std_10                  | 0.0506       |
|    action_std_11                  | 0.0504       |
|    action_std_12                  | 0.0506       |
|    action_std_13                  | 0.0506       |
|    action_std_14                  | 0.0505       |
|    action_std_15                  | 0.0504       |
|    action_std_16                  | 0.0505       |
|    action_std_17                  | 0.0507       |
|    action_std_18                  | 0.0506       |
|    action_std_19                  | 0.0507       |
|    action_std_20                  | 0.0506       |
|    action_std_21                  | 0.0505       |
|    action_std_22                  | 0.0505       |
|    action_std_23                  | 0.0507       |
|    action_std_24                  | 0.0505       |
|    approx_kl                      | 0.0022531208 |
|    clip_fraction                  | 0.115        |
|    clip_range                     | 0.1          |
|    clip_range_vf                  | 0.2          |
|    entropy_loss                   | 39.2         |
|    explained_variance             | -0.562       |
|    learning_rate                  | 1e-05        |
|    loss                           | 1.8          |
|    n_updates                      | 60           |
|    policy_gradient_loss           | -0.00176     |
|    std                            | 0.0505       |
|    std_max                        | 0.0507       |
|    std_min                        | 0.0504       |
|    value_loss                     | 1.41         |
----------------------------------------------------
[QuadrupedWBCEnv] Reset state env_id=0 z=0.325108 rpy=[-0.0363762, -0.0170686, -0.0203465]
----------------------------------------------------
| rollout/                          |              |
|    action_saturation_fraction     | 0            |
|    ep_len_mean                    | 995          |
|    ep_rew_mean                    | 677          |
|    episodes_noforce               | 230          |
|    force_direction_mean           | -1           |
|    force_onset_mean               | 1.39         |
|    force_requested_impulse_mean   | 0            |
|    is_fall_mean                   | 0.0652       |
|    is_timeout_mean                | 0.935        |
|    recovery_noforce               | 0.935        |
|    timeout_without_onset_fraction | 0            |
|    timeouts                       | 215          |
| time/                             |              |
|    fps                            | 7718         |
|    iterations                     | 8            |
|    time_elapsed                   | 135          |
|    total_timesteps                | 1048576      |
| train/                            |              |
|    action_std_00                  | 0.0508       |
|    action_std_01                  | 0.0506       |
|    action_std_02                  | 0.0506       |
|    action_std_03                  | 0.0506       |
|    action_std_04                  | 0.0505       |
|    action_std_05                  | 0.0507       |
|    action_std_06                  | 0.0505       |
|    action_std_07                  | 0.0507       |
|    action_std_08                  | 0.0507       |
|    action_std_09                  | 0.0507       |
|    action_std_10                  | 0.0507       |
|    action_std_11                  | 0.0505       |
|    action_std_12                  | 0.0507       |
|    action_std_13                  | 0.0507       |
|    action_std_14                  | 0.0505       |
|    action_std_15                  | 0.0505       |
|    action_std_16                  | 0.0506       |
|    action_std_17                  | 0.0508       |
|    action_std_18                  | 0.0506       |
|    action_std_19                  | 0.0508       |
|    action_std_20                  | 0.0508       |
|    action_std_21                  | 0.0506       |
|    action_std_22                  | 0.0505       |
|    action_std_23                  | 0.0508       |
|    action_std_24                  | 0.0506       |
|    approx_kl                      | 0.0021009264 |
|    clip_fraction                  | 0.106        |
|    clip_range                     | 0.1          |
|    clip_range_vf                  | 0.2          |
|    entropy_loss                   | 39.1         |
|    explained_variance             | -0.818       |
|    learning_rate                  | 1e-05        |
|    loss                           | 1.68         |
|    n_updates                      | 70           |
|    policy_gradient_loss           | -0.00177     |
|    std                            | 0.0506       |
|    std_max                        | 0.0508       |
|    std_min                        | 0.0505       |
|    value_loss                     | 1.36         |
----------------------------------------------------
----------------------------------------------------
| rollout/                          |              |
|    action_saturation_fraction     | 0            |
|    ep_len_mean                    | 939          |
|    ep_rew_mean                    | 640          |
|    episodes_noforce               | 40           |
|    force_direction_mean           | -1           |
|    force_onset_mean               | 1.43         |
|    force_requested_impulse_mean   | 0            |
|    is_fall_mean                   | 0.275        |
|    is_timeout_mean                | 0.725        |
|    recovery_noforce               | 0.725        |
|    timeout_without_onset_fraction | 0            |
|    timeouts                       | 29           |
| time/                             |              |
|    fps                            | 7704         |
|    iterations                     | 9            |
|    time_elapsed                   | 153          |
|    total_timesteps                | 1179648      |
| train/                            |              |
|    action_std_00                  | 0.0508       |
|    action_std_01                  | 0.0507       |
|    action_std_02                  | 0.0508       |
|    action_std_03                  | 0.0508       |
|    action_std_04                  | 0.0505       |
|    action_std_05                  | 0.0508       |
|    action_std_06                  | 0.0507       |
|    action_std_07                  | 0.0508       |
|    action_std_08                  | 0.0508       |
|    action_std_09                  | 0.0507       |
|    action_std_10                  | 0.0508       |
|    action_std_11                  | 0.0506       |
|    action_std_12                  | 0.0508       |
|    action_std_13                  | 0.0508       |
|    action_std_14                  | 0.0506       |
|    action_std_15                  | 0.0507       |
|    action_std_16                  | 0.0507       |
|    action_std_17                  | 0.0509       |
|    action_std_18                  | 0.0507       |
|    action_std_19                  | 0.0509       |
|    action_std_20                  | 0.0509       |
|    action_std_21                  | 0.0507       |
|    action_std_22                  | 0.0507       |
|    action_std_23                  | 0.0508       |
|    action_std_24                  | 0.0507       |
|    approx_kl                      | 0.0022224865 |
|    clip_fraction                  | 0.112        |
|    clip_range                     | 0.1          |
|    clip_range_vf                  | 0.2          |
|    entropy_loss                   | 39.1         |
|    explained_variance             | -0.578       |
|    learning_rate                  | 1e-05        |
|    loss                           | 1.7          |
|    n_updates                      | 80           |
|    policy_gradient_loss           | -0.00201     |
|    std                            | 0.0507       |
|    std_max                        | 0.0509       |
|    std_min                        | 0.0505       |
|    value_loss                     | 1.35         |
----------------------------------------------------
[QuadrupedWBCEnv] Reset state env_id=0 z=0.31467 rpy=[-0.0425674, -0.0329532, -0.0213836]
----------------------------------------------------
| rollout/                          |              |
|    action_saturation_fraction     | 0            |
|    ep_len_mean                    | 994          |
|    ep_rew_mean                    | 676          |
|    episodes_noforce               | 219          |
|    force_direction_mean           | -1           |
|    force_onset_mean               | 1.4          |
|    force_requested_impulse_mean   | 0            |
|    is_fall_mean                   | 0.0457       |
|    is_timeout_mean                | 0.954        |
|    recovery_noforce               | 0.954        |
|    timeout_without_onset_fraction | 0            |
|    timeouts                       | 209          |
| time/                             |              |
|    fps                            | 7655         |
|    iterations                     | 10           |
|    time_elapsed                   | 171          |
|    total_timesteps                | 1310720      |
| train/                            |              |
|    action_std_00                  | 0.0509       |
|    action_std_01                  | 0.0509       |
|    action_std_02                  | 0.0509       |
|    action_std_03                  | 0.0508       |
|    action_std_04                  | 0.0506       |
|    action_std_05                  | 0.0509       |
|    action_std_06                  | 0.0508       |
|    action_std_07                  | 0.0509       |
|    action_std_08                  | 0.0509       |
|    action_std_09                  | 0.0508       |
|    action_std_10                  | 0.0509       |
|    action_std_11                  | 0.0507       |
|    action_std_12                  | 0.0509       |
|    action_std_13                  | 0.0509       |
|    action_std_14                  | 0.0507       |
|    action_std_15                  | 0.0507       |
|    action_std_16                  | 0.0508       |
|    action_std_17                  | 0.051        |
|    action_std_18                  | 0.0508       |
|    action_std_19                  | 0.051        |
|    action_std_20                  | 0.051        |
|    action_std_21                  | 0.0508       |
|    action_std_22                  | 0.0508       |
|    action_std_23                  | 0.0509       |
|    action_std_24                  | 0.0508       |
|    approx_kl                      | 0.0021862248 |
|    clip_fraction                  | 0.11         |
|    clip_range                     | 0.1          |
|    clip_range_vf                  | 0.2          |
|    entropy_loss                   | 39           |
|    explained_variance             | -0.41        |
|    learning_rate                  | 1e-05        |
|    loss                           | 1.54         |
|    n_updates                      | 90           |
|    policy_gradient_loss           | -0.00217     |
|    std                            | 0.0508       |
|    std_max                        | 0.051        |
|    std_min                        | 0.0506       |
|    value_loss                     | 1.18         |
----------------------------------------------------
---------------------------------------------------
| rollout/                          |             |
|    action_saturation_fraction     | 0           |
|    ep_len_mean                    | 963         |
|    ep_rew_mean                    | 656         |
|    episodes_noforce               | 49          |
|    force_direction_mean           | -1          |
|    force_onset_mean               | 1.39        |
|    force_requested_impulse_mean   | 0           |
|    is_fall_mean                   | 0.184       |
|    is_timeout_mean                | 0.816       |
|    recovery_noforce               | 0.816       |
|    timeout_without_onset_fraction | 0           |
|    timeouts                       | 40          |
| time/                             |             |
|    fps                            | 7653        |
|    iterations                     | 11          |
|    time_elapsed                   | 188         |
|    total_timesteps                | 1441792     |
| train/                            |             |
|    action_std_00                  | 0.0511      |
|    action_std_01                  | 0.051       |
|    action_std_02                  | 0.051       |
|    action_std_03                  | 0.0509      |
|    action_std_04                  | 0.0507      |
|    action_std_05                  | 0.051       |
|    action_std_06                  | 0.0509      |
|    action_std_07                  | 0.051       |
|    action_std_08                  | 0.0509      |
|    action_std_09                  | 0.0509      |
|    action_std_10                  | 0.0509      |
|    action_std_11                  | 0.0507      |
|    action_std_12                  | 0.051       |
|    action_std_13                  | 0.0509      |
|    action_std_14                  | 0.0507      |
|    action_std_15                  | 0.0508      |
|    action_std_16                  | 0.0508      |
|    action_std_17                  | 0.0511      |
|    action_std_18                  | 0.0509      |
|    action_std_19                  | 0.051       |
|    action_std_20                  | 0.0511      |
|    action_std_21                  | 0.0508      |
|    action_std_22                  | 0.0508      |
|    action_std_23                  | 0.051       |
|    action_std_24                  | 0.0509      |
|    approx_kl                      | 0.002201519 |
|    clip_fraction                  | 0.111       |
|    clip_range                     | 0.1         |
|    clip_range_vf                  | 0.2         |
|    entropy_loss                   | 39          |
|    explained_variance             | -0.723      |
|    learning_rate                  | 1e-05       |
|    loss                           | 1.63        |
|    n_updates                      | 100         |
|    policy_gradient_loss           | -0.00182    |
|    std                            | 0.0509      |
|    std_max                        | 0.0511      |
|    std_min                        | 0.0507      |
|    value_loss                     | 1.22        |
---------------------------------------------------
[QuadrupedWBCEnv] Reset state env_id=0 z=0.274618 rpy=[-0.0506009, -0.0296665, -0.000486336]
----------------------------------------------------
| rollout/                          |              |
|    action_saturation_fraction     | 0            |
|    ep_len_mean                    | 994          |
|    ep_rew_mean                    | 680          |
|    episodes_noforce               | 211          |
|    force_direction_mean           | -1           |
|    force_onset_mean               | 1.4          |
|    force_requested_impulse_mean   | 0            |
|    is_fall_mean                   | 0.0284       |
|    is_timeout_mean                | 0.972        |
|    recovery_noforce               | 0.972        |
|    timeout_without_onset_fraction | 0            |
|    timeouts                       | 205          |
| time/                             |              |
|    fps                            | 7621         |
|    iterations                     | 12           |
|    time_elapsed                   | 206          |
|    total_timesteps                | 1572864      |
| train/                            |              |
|    action_std_00                  | 0.0512       |
|    action_std_01                  | 0.0511       |
|    action_std_02                  | 0.0511       |
|    action_std_03                  | 0.051        |
|    action_std_04                  | 0.0508       |
|    action_std_05                  | 0.0511       |
|    action_std_06                  | 0.0511       |
|    action_std_07                  | 0.0511       |
|    action_std_08                  | 0.051        |
|    action_std_09                  | 0.051        |
|    action_std_10                  | 0.0511       |
|    action_std_11                  | 0.0508       |
|    action_std_12                  | 0.0511       |
|    action_std_13                  | 0.051        |
|    action_std_14                  | 0.0508       |
|    action_std_15                  | 0.0509       |
|    action_std_16                  | 0.051        |
|    action_std_17                  | 0.0512       |
|    action_std_18                  | 0.051        |
|    action_std_19                  | 0.0512       |
|    action_std_20                  | 0.0513       |
|    action_std_21                  | 0.051        |
|    action_std_22                  | 0.051        |
|    action_std_23                  | 0.0511       |
|    action_std_24                  | 0.051        |
|    approx_kl                      | 0.0022042475 |
|    clip_fraction                  | 0.109        |
|    clip_range                     | 0.1          |
|    clip_range_vf                  | 0.2          |
|    entropy_loss                   | 38.9         |
|    explained_variance             | -0.674       |
|    learning_rate                  | 1e-05        |
|    loss                           | 1.5          |
|    n_updates                      | 110          |
|    policy_gradient_loss           | -0.00184     |
|    std                            | 0.051        |
|    std_max                        | 0.0513       |
|    std_min                        | 0.0508       |
|    value_loss                     | 1.09         |
----------------------------------------------------
----------------------------------------------------
| rollout/                          |              |
|    action_saturation_fraction     | 0            |
|    ep_len_mean                    | 945          |
|    ep_rew_mean                    | 640          |
|    episodes_noforce               | 54           |
|    force_direction_mean           | -1           |
|    force_onset_mean               | 1.4          |
|    force_requested_impulse_mean   | 0            |
|    is_fall_mean                   | 0.204        |
|    is_timeout_mean                | 0.796        |
|    recovery_noforce               | 0.796        |
|    timeout_without_onset_fraction | 0            |
|    timeouts                       | 43           |
| time/                             |              |
|    fps                            | 7619         |
|    iterations                     | 13           |
|    time_elapsed                   | 223          |
|    total_timesteps                | 1703936      |
| train/                            |              |
|    action_std_00                  | 0.0513       |
|    action_std_01                  | 0.0512       |
|    action_std_02                  | 0.0511       |
|    action_std_03                  | 0.0511       |
|    action_std_04                  | 0.0509       |
|    action_std_05                  | 0.0512       |
|    action_std_06                  | 0.0512       |
|    action_std_07                  | 0.0512       |
|    action_std_08                  | 0.0512       |
|    action_std_09                  | 0.0511       |
|    action_std_10                  | 0.0512       |
|    action_std_11                  | 0.0508       |
|    action_std_12                  | 0.0512       |
|    action_std_13                  | 0.0512       |
|    action_std_14                  | 0.0509       |
|    action_std_15                  | 0.0509       |
|    action_std_16                  | 0.0511       |
|    action_std_17                  | 0.0513       |
|    action_std_18                  | 0.0511       |
|    action_std_19                  | 0.0513       |
|    action_std_20                  | 0.0514       |
|    action_std_21                  | 0.0511       |
|    action_std_22                  | 0.0511       |
|    action_std_23                  | 0.0512       |
|    action_std_24                  | 0.0511       |
|    approx_kl                      | 0.0020844676 |
|    clip_fraction                  | 0.104        |
|    clip_range                     | 0.1          |
|    clip_range_vf                  | 0.2          |
|    entropy_loss                   | 38.9         |
|    explained_variance             | -0.879       |
|    learning_rate                  | 1e-05        |
|    loss                           | 1.48         |
|    n_updates                      | 120          |
|    policy_gradient_loss           | -0.00166     |
|    std                            | 0.0511       |
|    std_max                        | 0.0514       |
|    std_min                        | 0.0508       |
|    value_loss                     | 1.15         |
----------------------------------------------------
[QuadrupedWBCEnv] Reset state env_id=0 z=0.293329 rpy=[-0.038261, -0.0173364, -0.022509]
----------------------------------------------------
| rollout/                          |              |
|    action_saturation_fraction     | 0            |
|    ep_len_mean                    | 985          |
|    ep_rew_mean                    | 671          |
|    episodes_noforce               | 207          |
|    force_direction_mean           | -1           |
|    force_onset_mean               | 1.37         |
|    force_requested_impulse_mean   | 0            |
|    is_fall_mean                   | 0.0386       |
|    is_timeout_mean                | 0.961        |
|    recovery_noforce               | 0.961        |
|    timeout_without_onset_fraction | 0            |
|    timeouts                       | 199          |
| time/                             |              |
|    fps                            | 7596         |
|    iterations                     | 14           |
|    time_elapsed                   | 241          |
|    total_timesteps                | 1835008      |
| train/                            |              |
|    action_std_00                  | 0.0514       |
|    action_std_01                  | 0.0512       |
|    action_std_02                  | 0.0512       |
|    action_std_03                  | 0.0512       |
|    action_std_04                  | 0.051        |
|    action_std_05                  | 0.0513       |
|    action_std_06                  | 0.0513       |
|    action_std_07                  | 0.0512       |
|    action_std_08                  | 0.0512       |
|    action_std_09                  | 0.0512       |
|    action_std_10                  | 0.0513       |
|    action_std_11                  | 0.0509       |
|    action_std_12                  | 0.0512       |
|    action_std_13                  | 0.0513       |
|    action_std_14                  | 0.051        |
|    action_std_15                  | 0.051        |
|    action_std_16                  | 0.0512       |
|    action_std_17                  | 0.0514       |
|    action_std_18                  | 0.0512       |
|    action_std_19                  | 0.0513       |
|    action_std_20                  | 0.0515       |
|    action_std_21                  | 0.0512       |
|    action_std_22                  | 0.0511       |
|    action_std_23                  | 0.0513       |
|    action_std_24                  | 0.0512       |
|    approx_kl                      | 0.0022651895 |
|    clip_fraction                  | 0.111        |
|    clip_range                     | 0.1          |
|    clip_range_vf                  | 0.2          |
|    entropy_loss                   | 38.8         |
|    explained_variance             | -0.527       |
|    learning_rate                  | 1e-05        |
|    loss                           | 1.38         |
|    n_updates                      | 130          |
|    policy_gradient_loss           | -0.00217     |
|    std                            | 0.0512       |
|    std_max                        | 0.0515       |
|    std_min                        | 0.0509       |
|    value_loss                     | 0.991        |
----------------------------------------------------
----------------------------------------------------
| rollout/                          |              |
|    action_saturation_fraction     | 0            |
|    ep_len_mean                    | 937          |
|    ep_rew_mean                    | 635          |
|    episodes_noforce               | 61           |
|    force_direction_mean           | -1           |
|    force_onset_mean               | 1.36         |
|    force_requested_impulse_mean   | 0            |
|    is_fall_mean                   | 0.131        |
|    is_timeout_mean                | 0.869        |
|    recovery_noforce               | 0.869        |
|    timeout_without_onset_fraction | 0            |
|    timeouts                       | 53           |
| time/                             |              |
|    fps                            | 7599         |
|    iterations                     | 15           |
|    time_elapsed                   | 258          |
|    total_timesteps                | 1966080      |
| train/                            |              |
|    action_std_00                  | 0.0515       |
|    action_std_01                  | 0.0514       |
|    action_std_02                  | 0.0513       |
|    action_std_03                  | 0.0513       |
|    action_std_04                  | 0.0511       |
|    action_std_05                  | 0.0514       |
|    action_std_06                  | 0.0514       |
|    action_std_07                  | 0.0514       |
|    action_std_08                  | 0.0513       |
|    action_std_09                  | 0.0513       |
|    action_std_10                  | 0.0513       |
|    action_std_11                  | 0.051        |
|    action_std_12                  | 0.0513       |
|    action_std_13                  | 0.0513       |
|    action_std_14                  | 0.0511       |
|    action_std_15                  | 0.0511       |
|    action_std_16                  | 0.0513       |
|    action_std_17                  | 0.0516       |
|    action_std_18                  | 0.0513       |
|    action_std_19                  | 0.0514       |
|    action_std_20                  | 0.0516       |
|    action_std_21                  | 0.0513       |
|    action_std_22                  | 0.0511       |
|    action_std_23                  | 0.0514       |
|    action_std_24                  | 0.0513       |
|    approx_kl                      | 0.0021776683 |
|    clip_fraction                  | 0.106        |
|    clip_range                     | 0.1          |
|    clip_range_vf                  | 0.2          |
|    entropy_loss                   | 38.8         |
|    explained_variance             | -0.657       |
|    learning_rate                  | 1e-05        |
|    loss                           | 1.41         |
|    n_updates                      | 140          |
|    policy_gradient_loss           | -0.00172     |
|    std                            | 0.0513       |
|    std_max                        | 0.0516       |
|    std_min                        | 0.051        |
|    value_loss                     | 1.02         |
----------------------------------------------------
