=== waiting for the v1 evaluation ladders to finish === 2026-09-13T23:01:54+03:00
=== evaluation driver has exited === 2026-09-13T23:21:54+03:00
=== so before: 81f6ffcd15e0e9793bf0793078520d42e2774765b269ef79a43a073975018b67 === 2026-09-13T23:21:54+03:00
=== so after:  a1238a65562aef1f391ab8af34fbeebf8d4c56abae9475ca293d7c73e3f2f6be === 2026-09-13T23:22:10+03:00
=== seeding ./data/v2_ours_wide from v1_ours_add_stage3 === 2026-09-13T23:22:10+03:00
=== v2 ours-wide: 10000000 steps @ 1e-5 -> ./data/v2_ours_wide === 2026-09-13T23:22:10+03:00
Gym has been unmaintained since 2022 and does not support NumPy 2.0 amongst other critical functionality.
Please upgrade to Gymnasium, the maintained drop-in replacement of Gym, or contact the authors of your software and request that they upgrade.
Users of this version of Gym should be able to simply replace 'import gym' with 'import gymnasium as gym' in the vast majority of cases.
See the migration guide at https://gymnasium.farama.org/introduction/migration_guide/ for additional information.
Logging to ./data/v2_ours_wide/tb
INFO:root:Experiment: quadruped_ppo_experiment
INFO:root:Using EnvPool for environment QuadrupedWBC-v0 with 256 envs. Seed: 0
Using GPU: True
INFO:root:Initial-condition randomisation enabled (base pose and joint angles)
INFO:root:Using EnvPool's default worker-thread count
initHardware(SIM): Initializing hardware components...
[0;33m[WW] ModuleManager: CHANGING UPDATE PERIOD: ![0m
initHardware(SIM): Initializing hardware components...
[0;33m[WW] ModuleManager: CHANGING UPDATE PERIOD: ![0m
initHardware(SIM): Initializing hardware components...
[0;33m[WW] ModuleManager: CHANGING UPDATE PERIOD: ![0m
initHardware(SIM): Initializing hardware components...
[0;33m[WW] ModuleManager: CHANGING UPDATE PERIOD: ![0m
initHardware(SIM): Initializing hardware components...
[0;33m[WW] ModuleManager: CHANGING UPDATE PERIOD: ![0m
initHardware(SIM): Initializing hardware components...
[0;33m[WW] ModuleManager: CHANGING UPDATE PERIOD: ![0m
initHardware(SIM): Initializing hardware components...
[0;33m[WW] ModuleManager: CHANGING UPDATE PERIOD: ![0m
initHardware(SIM): Initializing hardware components...
[0;33m[WW] ModuleManager: CHANGING UPDATE PERIOD: ![0m
initHardware(SIM): Initializing hardware components...
[0;33m[WW] ModuleManager: CHANGING UPDATE PERIOD: ![0m
initHardware(SIM): Initializing hardware components...
[0;33m[WW] ModuleManager: CHANGING UPDATE PERIOD: ![0m
initHardware(SIM): Initializing hardware components...
[0;33m[WW] ModuleManager: CHANGING UPDATE PERIOD: ![0m
initHardware(SIM): Initializing hardware components...
[0;33m[WW] ModuleManager: CHANGING UPDATE PERIOD: ![0m
initHardware(SIM): Initializing hardware components...
[0;33m[WW] ModuleManager: CHANGING UPDATE PERIOD: ![0m
initHardware(SIM): Initializing hardware components...
[0;33m[WW] ModuleManager: CHANGING UPDATE PERIOD: ![0m
initHardware(SIM): Initializing hardware components...
[0;33m[WW] ModuleManager: CHANGING UPDATE PERIOD: ![0m
initHardware(SIM): Initializing hardware components...
[0;33m[WW] ModuleManager: CHANGING UPDATE PERIOD: ![0m
initHardware(SIM): Initializing hardware components...
[0;33m[WW] ModuleManager: CHANGING UPDATE PERIOD: ![0m
initHardware(SIM): Initializing hardware components...
[0;33m[WW] ModuleManager: CHANGING UPDATE PERIOD: ![0m
initHardware(SIM): Initializing hardware components...
[0;33m[WW] ModuleManager: CHANGING UPDATE PERIOD: ![0m
initHardware(SIM): Initializing hardware components...
[0;33m[WW] ModuleManager: CHANGING UPDATE PERIOD: ![0m
initHardware(SIM): Initializing hardware components...
[0;33m[WW] ModuleManager: CHANGING UPDATE PERIOD: ![0m
initHardware(SIM): Initializing hardware components...
[0;33m[WW] ModuleManager: CHANGING UPDATE PERIOD: ![0m
initHardware(SIM): Initializing hardware components...
[0;33m[WW] ModuleManager: CHANGING UPDATE PERIOD: ![0m
initHardware(SIM): Initializing hardware components...
[0;33m[WW] ModuleManager: CHANGING UPDATE PERIOD: ![0m
initHardware(SIM): Initializing hardware components...
[0;33m[WW] ModuleManager: CHANGING UPDATE PERIOD: ![0m
initHardware(SIM): Initializing hardware components...
[0;33m[WW] ModuleManager: CHANGING UPDATE PERIOD: ![0m
initHardware(SIM): Initializing hardware components...
[0;33m[WW] ModuleManager: CHANGING UPDATE PERIOD: ![0m
initHardware(SIM): Initializing hardware components...
[0;33m[WW] ModuleManager: CHANGING UPDATE PERIOD: ![0m
initHardware(SIM): Initializing hardware components...
[0;33m[WW] ModuleManager: CHANGING UPDATE PERIOD: ![0m
initHardware(SIM): Initializing hardware components...
[0;33m[WW] ModuleManager: CHANGING UPDATE PERIOD: ![0m
initHardware(SIM): Initializing hardware components...
[0;33m[WW] ModuleManager: CHANGING UPDATE PERIOD: ![0m
initHardware(SIM): Initializing hardware components...
[0;33m[WW] ModuleManager: CHANGING UPDATE PERIOD: ![0m
initHardware(SIM): Initializing hardware components...
[0;33m[WW] ModuleManager: CHANGING UPDATE PERIOD: ![0m
initHardware(SIM): Initializing hardware components...
[0;33m[WW] ModuleManager: CHANGING UPDATE PERIOD: ![0m
initHardware(SIM): Initializing hardware components...
[0;33m[WW] ModuleManager: CHANGING UPDATE PERIOD: ![0m
initHardware(SIM): Initializing hardware components...
[0;33m[WW] ModuleManager: CHANGING UPDATE PERIOD: ![0m
initHardware(SIM): Initializing hardware components...
[0;33m[WW] ModuleManager: CHANGING UPDATE PERIOD: ![0m
initHardware(SIM): Initializing hardware components...
[0;33m[WW] ModuleManager: CHANGING UPDATE PERIOD: ![0m
initHardware(SIM): Initializing hardware components...
[0;33m[WW] ModuleManager: CHANGING UPDATE PERIOD: ![0m
initHardware(SIM): Initializing hardware components...
[0;33m[WW] ModuleManager: CHANGING UPDATE PERIOD: ![0m
initHardware(SIM): Initializing hardware components...
[0;33m[WW] ModuleManager: CHANGING UPDATE PERIOD: ![0m
initHardware(SIM): Initializing hardware components...
[0;33m[WW] ModuleManager: CHANGING UPDATE PERIOD: ![0m
initHardware(SIM): Initializing hardware components...
[0;33m[WW] ModuleManager: CHANGING UPDATE PERIOD: ![0m
initHardware(SIM): Initializing hardware components...
[0;33m[WW] ModuleManager: CHANGING UPDATE PERIOD: ![0m
initHardware(SIM): Initializing hardware components...
[0;33m[WW] ModuleManager: CHANGING UPDATE PERIOD: ![0m
initHardware(SIM): Initializing hardware components...
[0;33m[WW] ModuleManager: CHANGING UPDATE PERIOD: ![0m
initHardware(SIM): Initializing hardware components...
[0;33m[WW] ModuleManager: CHANGING UPDATE PERIOD: ![0m
initHardware(SIM): Initializing hardware components...
[0;33m[WW] ModuleManager: CHANGING UPDATE PERIOD: ![0m
initHardware(SIM): Initializing hardware components...
[0;33m[WW] ModuleManager: CHANGING UPDATE PERIOD: ![0m
initHardware(SIM): Initializing hardware components...
[0;33m[WW] ModuleManager: CHANGING UPDATE PERIOD: ![0m
initHardware(SIM): Initializing hardware components...
[0;33m[WW] ModuleManager: CHANGING UPDATE PERIOD: ![0m
initHardware(SIM): Initializing hardware components...
[0;33m[WW] ModuleManager: CHANGING UPDATE PERIOD: ![0m
initHardware(SIM): Initializing hardware components...
[0;33m[WW] ModuleManager: CHANGING UPDATE PERIOD: ![0m
initHardware(SIM): Initializing hardware components...
[0;33m[WW] ModuleManager: CHANGING UPDATE PERIOD: ![0m
initHardware(SIM): Initializing hardware components...
[0;33m[WW] ModuleManager: CHANGING UPDATE PERIOD: ![0m
initHardware(SIM): Initializing hardware components...
[0;33m[WW] ModuleManager: CHANGING UPDATE PERIOD: ![0m
initHardware(SIM): Initializing hardware components...
[0;33m[WW] ModuleManager: CHANGING UPDATE PERIOD: ![0m
initHardware(SIM): Initializing hardware components...
[0;33m[WW] ModuleManager: CHANGING UPDATE PERIOD: ![0m
initHardware(SIM): Initializing hardware components...
[0;33m[WW] ModuleManager: CHANGING UPDATE PERIOD: ![0m
initHardware(SIM): Initializing hardware components...
[0;33m[WW] ModuleManager: CHANGING UPDATE PERIOD: ![0m
initHardware(SIM): Initializing hardware components...
[0;33m[WW] ModuleManager: CHANGING UPDATE PERIOD: ![0m
initHardware(SIM): Initializing hardware components...
[0;33m[WW] ModuleManager: CHANGING UPDATE PERIOD: ![0m
initHardware(SIM): Initializing hardware components...
[0;33m[WW] ModuleManager: CHANGING UPDATE PERIOD: ![0m
initHardware(SIM): Initializing hardware components...
[0;33m[WW] ModuleManager: CHANGING UPDATE PERIOD: ![0m
initHardware(SIM): Initializing hardware components...
[0;33m[WW] ModuleManager: CHANGING UPDATE PERIOD: ![0m
initHardware(SIM): Initializing hardware components...
[0;33m[WW] ModuleManager: CHANGING UPDATE PERIOD: ![0m
initHardware(SIM): Initializing hardware components...
[0;33m[WW] ModuleManager: CHANGING UPDATE PERIOD: ![0m
initHardware(SIM): Initializing hardware components...
[0;33m[WW] ModuleManager: CHANGING UPDATE PERIOD: ![0m
initHardware(SIM): Initializing hardware components...
[0;33m[WW] ModuleManager: CHANGING UPDATE PERIOD: ![0m
initHardware(SIM): Initializing hardware components...
[0;33m[WW] ModuleManager: CHANGING UPDATE PERIOD: ![0m
initHardware(SIM): Initializing hardware components...
[0;33m[WW] ModuleManager: CHANGING UPDATE PERIOD: ![0m
initHardware(SIM): Initializing hardware components...
[0;33m[WW] ModuleManager: CHANGING UPDATE PERIOD: ![0m
initHardware(SIM): Initializing hardware components...
[0;33m[WW] ModuleManager: CHANGING UPDATE PERIOD: ![0m
initHardware(SIM): Initializing hardware components...
[0;33m[WW] ModuleManager: CHANGING UPDATE PERIOD: ![0m
initHardware(SIM): Initializing hardware components...
[0;33m[WW] ModuleManager: CHANGING UPDATE PERIOD: ![0m
initHardware(SIM): Initializing hardware components...
[0;33m[WW] ModuleManager: CHANGING UPDATE PERIOD: ![0m
initHardware(SIM): Initializing hardware components...
[0;33m[WW] ModuleManager: CHANGING UPDATE PERIOD: ![0m
initHardware(SIM): Initializing hardware components...
[0;33m[WW] ModuleManager: CHANGING UPDATE PERIOD: ![0m
initHardware(SIM): Initializing hardware components...
[0;33m[WW] ModuleManager: CHANGING UPDATE PERIOD: ![0m
initHardware(SIM): Initializing hardware components...
[0;33m[WW] ModuleManager: CHANGING UPDATE PERIOD: ![0m
initHardware(SIM): Initializing hardware components...
[0;33m[WW] ModuleManager: CHANGING UPDATE PERIOD: ![0m
initHardware(SIM): Initializing hardware components...
[0;33m[WW] ModuleManager: CHANGING UPDATE PERIOD: ![0m
initHardware(SIM): Initializing hardware components...
[0;33m[WW] ModuleManager: CHANGING UPDATE PERIOD: ![0m
initHardware(SIM): Initializing hardware components...
[0;33m[WW] ModuleManager: CHANGING UPDATE PERIOD: ![0m
initHardware(SIM): Initializing hardware components...
[0;33m[WW] ModuleManager: CHANGING UPDATE PERIOD: ![0m
initHardware(SIM): Initializing hardware components...
[0;33m[WW] ModuleManager: CHANGING UPDATE PERIOD: ![0m
initHardware(SIM): Initializing hardware components...
[0;33m[WW] ModuleManager: CHANGING UPDATE PERIOD: ![0m
initHardware(SIM): Initializing hardware components...
[0;33m[WW] ModuleManager: CHANGING UPDATE PERIOD: ![0m
initHardware(SIM): Initializing hardware components...
[0;33m[WW] ModuleManager: CHANGING UPDATE PERIOD: ![0m
initHardware(SIM): Initializing hardware components...
[0;33m[WW] ModuleManager: CHANGING UPDATE PERIOD: ![0m
initHardware(SIM): Initializing hardware components...
[0;33m[WW] ModuleManager: CHANGING UPDATE PERIOD: ![0m
initHardware(SIM): Initializing hardware components...
[0;33m[WW] ModuleManager: CHANGING UPDATE PERIOD: ![0m
initHardware(SIM): Initializing hardware components...
[0;33m[WW] ModuleManager: CHANGING UPDATE PERIOD: ![0m
initHardware(SIM): Initializing hardware components...
[0;33m[WW] ModuleManager: CHANGING UPDATE PERIOD: ![0m
initHardware(SIM): Initializing hardware components...
[0;33m[WW] ModuleManager: CHANGING UPDATE PERIOD: ![0m
initHardware(SIM): Initializing hardware components...
[0;33m[WW] ModuleManager: CHANGING UPDATE PERIOD: ![0m
initHardware(SIM): Initializing hardware components...
[0;33m[WW] ModuleManager: CHANGING UPDATE PERIOD: ![0m
initHardware(SIM): Initializing hardware components...
[0;33m[WW] ModuleManager: CHANGING UPDATE PERIOD: ![0m
initHardware(SIM): Initializing hardware components...
[0;33m[WW] ModuleManager: CHANGING UPDATE PERIOD: ![0m
initHardware(SIM): Initializing hardware components...
[0;33m[WW] ModuleManager: CHANGING UPDATE PERIOD: ![0m
initHardware(SIM): Initializing hardware components...
[0;33m[WW] ModuleManager: CHANGING UPDATE PERIOD: ![0m
initHardware(SIM): Initializing hardware components...
[0;33m[WW] ModuleManager: CHANGING UPDATE PERIOD: ![0m
initHardware(SIM): Initializing hardware components...
[0;33m[WW] ModuleManager: CHANGING UPDATE PERIOD: ![0m
initHardware(SIM): Initializing hardware components...
[0;33m[WW] ModuleManager: CHANGING UPDATE PERIOD: ![0m
initHardware(SIM): Initializing hardware components...
[0;33m[WW] ModuleManager: CHANGING UPDATE PERIOD: ![0m
initHardware(SIM): Initializing hardware components...
[0;33m[WW] ModuleManager: CHANGING UPDATE PERIOD: ![0m
initHardware(SIM): Initializing hardware components...
[0;33m[WW] ModuleManager: CHANGING UPDATE PERIOD: ![0m
initHardware(SIM): Initializing hardware components...
[0;33m[WW] ModuleManager: CHANGING UPDATE PERIOD: ![0m
initHardware(SIM): Initializing hardware components...
[0;33m[WW] ModuleManager: CHANGING UPDATE PERIOD: ![0m
initHardware(SIM): Initializing hardware components...
[0;33m[WW] ModuleManager: CHANGING UPDATE PERIOD: ![0m
initHardware(SIM): Initializing hardware components...
[0;33m[WW] ModuleManager: CHANGING UPDATE PERIOD: ![0m
initHardware(SIM): Initializing hardware components...
[0;33m[WW] ModuleManager: CHANGING UPDATE PERIOD: ![0m
initHardware(SIM): Initializing hardware components...
[0;33m[WW] ModuleManager: CHANGING UPDATE PERIOD: ![0m
initHardware(SIM): Initializing hardware components...
[0;33m[WW] ModuleManager: CHANGING UPDATE PERIOD: ![0m
initHardware(SIM): Initializing hardware components...
[0;33m[WW] ModuleManager: CHANGING UPDATE PERIOD: ![0m
initHardware(SIM): Initializing hardware components...
[0;33m[WW] ModuleManager: CHANGING UPDATE PERIOD: ![0m
initHardware(SIM): Initializing hardware components...
[0;33m[WW] ModuleManager: CHANGING UPDATE PERIOD: ![0m
initHardware(SIM): Initializing hardware components...
[0;33m[WW] ModuleManager: CHANGING UPDATE PERIOD: ![0m
initHardware(SIM): Initializing hardware components...
[0;33m[WW] ModuleManager: CHANGING UPDATE PERIOD: ![0m
initHardware(SIM): Initializing hardware components...
[0;33m[WW] ModuleManager: CHANGING UPDATE PERIOD: ![0m
initHardware(SIM): Initializing hardware components...
[0;33m[WW] ModuleManager: CHANGING UPDATE PERIOD: ![0m
initHardware(SIM): Initializing hardware components...
[0;33m[WW] ModuleManager: CHANGING UPDATE PERIOD: ![0m
initHardware(SIM): Initializing hardware components...
[0;33m[WW] ModuleManager: CHANGING UPDATE PERIOD: ![0m
initHardware(SIM): Initializing hardware components...
[0;33m[WW] ModuleManager: CHANGING UPDATE PERIOD: ![0m
initHardware(SIM): Initializing hardware components...
[0;33m[WW] ModuleManager: CHANGING UPDATE PERIOD: ![0m
initHardware(SIM): Initializing hardware components...
[0;33m[WW] ModuleManager: CHANGING UPDATE PERIOD: ![0m
initHardware(SIM): Initializing hardware components...
[0;33m[WW] ModuleManager: CHANGING UPDATE PERIOD: ![0m
initHardware(SIM): Initializing hardware components...
[0;33m[WW] ModuleManager: CHANGING UPDATE PERIOD: ![0m
initHardware(SIM): Initializing hardware components...
[0;33m[WW] ModuleManager: CHANGING UPDATE PERIOD: ![0m
initHardware(SIM): Initializing hardware components...
[0;33m[WW] ModuleManager: CHANGING UPDATE PERIOD: ![0m
initHardware(SIM): Initializing hardware components...
[0;33m[WW] ModuleManager: CHANGING UPDATE PERIOD: ![0m
initHardware(SIM): Initializing hardware components...
[0;33m[WW] ModuleManager: CHANGING UPDATE PERIOD: ![0m
initHardware(SIM): Initializing hardware components...
[0;33m[WW] ModuleManager: CHANGING UPDATE PERIOD: ![0m
initHardware(SIM): Initializing hardware components...
[0;33m[WW] ModuleManager: CHANGING UPDATE PERIOD: ![0m
initHardware(SIM): Initializing hardware components...
[0;33m[WW] ModuleManager: CHANGING UPDATE PERIOD: ![0m
initHardware(SIM): Initializing hardware components...
[0;33m[WW] ModuleManager: CHANGING UPDATE PERIOD: ![0m
initHardware(SIM): Initializing hardware components...
[0;33m[WW] ModuleManager: CHANGING UPDATE PERIOD: ![0m
initHardware(SIM): Initializing hardware components...
[0;33m[WW] ModuleManager: CHANGING UPDATE PERIOD: ![0m
initHardware(SIM): Initializing hardware components...
[0;33m[WW] ModuleManager: CHANGING UPDATE PERIOD: ![0m
initHardware(SIM): Initializing hardware components...
[0;33m[WW] ModuleManager: CHANGING UPDATE PERIOD: ![0m
initHardware(SIM): Initializing hardware components...
[0;33m[WW] ModuleManager: CHANGING UPDATE PERIOD: ![0m
initHardware(SIM): Initializing hardware components...
[0;33m[WW] ModuleManager: CHANGING UPDATE PERIOD: ![0m
initHardware(SIM): Initializing hardware components...
[0;33m[WW] ModuleManager: CHANGING UPDATE PERIOD: ![0m
initHardware(SIM): Initializing hardware components...
[0;33m[WW] ModuleManager: CHANGING UPDATE PERIOD: ![0m
initHardware(SIM): Initializing hardware components...
[0;33m[WW] ModuleManager: CHANGING UPDATE PERIOD: ![0m
initHardware(SIM): Initializing hardware components...
[0;33m[WW] ModuleManager: CHANGING UPDATE PERIOD: ![0m
initHardware(SIM): Initializing hardware components...
[0;33m[WW] ModuleManager: CHANGING UPDATE PERIOD: ![0m
initHardware(SIM): Initializing hardware components...
[0;33m[WW] ModuleManager: CHANGING UPDATE PERIOD: ![0m
initHardware(SIM): Initializing hardware components...
[0;33m[WW] ModuleManager: CHANGING UPDATE PERIOD: ![0m
initHardware(SIM): Initializing hardware components...
[0;33m[WW] ModuleManager: CHANGING UPDATE PERIOD: ![0m
initHardware(SIM): Initializing hardware components...
[0;33m[WW] ModuleManager: CHANGING UPDATE PERIOD: ![0m
initHardware(SIM): Initializing hardware components...
[0;33m[WW] ModuleManager: CHANGING UPDATE PERIOD: ![0m
initHardware(SIM): Initializing hardware components...
[0;33m[WW] ModuleManager: CHANGING UPDATE PERIOD: ![0m
initHardware(SIM): Initializing hardware components...
[0;33m[WW] ModuleManager: CHANGING UPDATE PERIOD: ![0m
initHardware(SIM): Initializing hardware components...
[0;33m[WW] ModuleManager: CHANGING UPDATE PERIOD: ![0m
initHardware(SIM): Initializing hardware components...
[0;33m[WW] ModuleManager: CHANGING UPDATE PERIOD: ![0m
initHardware(SIM): Initializing hardware components...
[0;33m[WW] ModuleManager: CHANGING UPDATE PERIOD: ![0m
initHardware(SIM): Initializing hardware components...
[0;33m[WW] ModuleManager: CHANGING UPDATE PERIOD: ![0m
initHardware(SIM): Initializing hardware components...
[0;33m[WW] ModuleManager: CHANGING UPDATE PERIOD: ![0m
initHardware(SIM): Initializing hardware components...
[0;33m[WW] ModuleManager: CHANGING UPDATE PERIOD: ![0m
initHardware(SIM): Initializing hardware components...
[0;33m[WW] ModuleManager: CHANGING UPDATE PERIOD: ![0m
initHardware(SIM): Initializing hardware components...
[0;33m[WW] ModuleManager: CHANGING UPDATE PERIOD: ![0m
initHardware(SIM): Initializing hardware components...
[0;33m[WW] ModuleManager: CHANGING UPDATE PERIOD: ![0m
initHardware(SIM): Initializing hardware components...
[0;33m[WW] ModuleManager: CHANGING UPDATE PERIOD: ![0m
initHardware(SIM): Initializing hardware components...
[0;33m[WW] ModuleManager: CHANGING UPDATE PERIOD: ![0m
initHardware(SIM): Initializing hardware components...
[0;33m[WW] ModuleManager: CHANGING UPDATE PERIOD: ![0m
initHardware(SIM): Initializing hardware components...
[0;33m[WW] ModuleManager: CHANGING UPDATE PERIOD: ![0m
initHardware(SIM): Initializing hardware components...
[0;33m[WW] ModuleManager: CHANGING UPDATE PERIOD: ![0m
initHardware(SIM): Initializing hardware components...
[0;33m[WW] ModuleManager: CHANGING UPDATE PERIOD: ![0m
initHardware(SIM): Initializing hardware components...
[0;33m[WW] ModuleManager: CHANGING UPDATE PERIOD: ![0m
initHardware(SIM): Initializing hardware components...
[0;33m[WW] ModuleManager: CHANGING UPDATE PERIOD: ![0m
initHardware(SIM): Initializing hardware components...
[0;33m[WW] ModuleManager: CHANGING UPDATE PERIOD: ![0m
initHardware(SIM): Initializing hardware components...
[0;33m[WW] ModuleManager: CHANGING UPDATE PERIOD: ![0m
initHardware(SIM): Initializing hardware components...
[0;33m[WW] ModuleManager: CHANGING UPDATE PERIOD: ![0m
initHardware(SIM): Initializing hardware components...
[0;33m[WW] ModuleManager: CHANGING UPDATE PERIOD: ![0m
initHardware(SIM): Initializing hardware components...
[0;33m[WW] ModuleManager: CHANGING UPDATE PERIOD: ![0m
initHardware(SIM): Initializing hardware components...
[0;33m[WW] ModuleManager: CHANGING UPDATE PERIOD: ![0m
initHardware(SIM): Initializing hardware components...
[0;33m[WW] ModuleManager: CHANGING UPDATE PERIOD: ![0m
initHardware(SIM): Initializing hardware components...
[0;33m[WW] ModuleManager: CHANGING UPDATE PERIOD: ![0m
initHardware(SIM): Initializing hardware components...
[0;33m[WW] ModuleManager: CHANGING UPDATE PERIOD: ![0m
initHardware(SIM): Initializing hardware components...
[0;33m[WW] ModuleManager: CHANGING UPDATE PERIOD: ![0m
initHardware(SIM): Initializing hardware components...
[0;33m[WW] ModuleManager: CHANGING UPDATE PERIOD: ![0m
initHardware(SIM): Initializing hardware components...
[0;33m[WW] ModuleManager: CHANGING UPDATE PERIOD: ![0m
initHardware(SIM): Initializing hardware components...
[0;33m[WW] ModuleManager: CHANGING UPDATE PERIOD: ![0m
initHardware(SIM): Initializing hardware components...
[0;33m[WW] ModuleManager: CHANGING UPDATE PERIOD: ![0m
initHardware(SIM): Initializing hardware components...
[0;33m[WW] ModuleManager: CHANGING UPDATE PERIOD: ![0m
initHardware(SIM): Initializing hardware components...
[0;33m[WW] ModuleManager: CHANGING UPDATE PERIOD: ![0m
initHardware(SIM): Initializing hardware components...
[0;33m[WW] ModuleManager: CHANGING UPDATE PERIOD: ![0m
initHardware(SIM): Initializing hardware components...
[0;33m[WW] ModuleManager: CHANGING UPDATE PERIOD: ![0m
initHardware(SIM): Initializing hardware components...
[0;33m[WW] ModuleManager: CHANGING UPDATE PERIOD: ![0m
initHardware(SIM): Initializing hardware components...
[0;33m[WW] ModuleManager: CHANGING UPDATE PERIOD: ![0m
initHardware(SIM): Initializing hardware components...
[0;33m[WW] ModuleManager: CHANGING UPDATE PERIOD: ![0m
initHardware(SIM): Initializing hardware components...
[0;33m[WW] ModuleManager: CHANGING UPDATE PERIOD: ![0m
initHardware(SIM): Initializing hardware components...
[0;33m[WW] ModuleManager: CHANGING UPDATE PERIOD: ![0m
initHardware(SIM): Initializing hardware components...
[0;33m[WW] ModuleManager: CHANGING UPDATE PERIOD: ![0m
initHardware(SIM): Initializing hardware components...
[0;33m[WW] ModuleManager: CHANGING UPDATE PERIOD: ![0m
initHardware(SIM): Initializing hardware components...
[0;33m[WW] ModuleManager: CHANGING UPDATE PERIOD: ![0m
initHardware(SIM): Initializing hardware components...
[0;33m[WW] ModuleManager: CHANGING UPDATE PERIOD: ![0m
initHardware(SIM): Initializing hardware components...
[0;33m[WW] ModuleManager: CHANGING UPDATE PERIOD: ![0m
initHardware(SIM): Initializing hardware components...
[0;33m[WW] ModuleManager: CHANGING UPDATE PERIOD: ![0m
initHardware(SIM): Initializing hardware components...
[0;33m[WW] ModuleManager: CHANGING UPDATE PERIOD: ![0m
initHardware(SIM): Initializing hardware components...
[0;33m[WW] ModuleManager: CHANGING UPDATE PERIOD: ![0m
initHardware(SIM): Initializing hardware components...
[0;33m[WW] ModuleManager: CHANGING UPDATE PERIOD: ![0m
initHardware(SIM): Initializing hardware components...
[0;33m[WW] ModuleManager: CHANGING UPDATE PERIOD: ![0m
initHardware(SIM): Initializing hardware components...
[0;33m[WW] ModuleManager: CHANGING UPDATE PERIOD: ![0m
initHardware(SIM): Initializing hardware components...
[0;33m[WW] ModuleManager: CHANGING UPDATE PERIOD: ![0m
initHardware(SIM): Initializing hardware components...
[0;33m[WW] ModuleManager: CHANGING UPDATE PERIOD: ![0m
initHardware(SIM): Initializing hardware components...
[0;33m[WW] ModuleManager: CHANGING UPDATE PERIOD: ![0m
initHardware(SIM): Initializing hardware components...
[0;33m[WW] ModuleManager: CHANGING UPDATE PERIOD: ![0m
initHardware(SIM): Initializing hardware components...
[0;33m[WW] ModuleManager: CHANGING UPDATE PERIOD: ![0m
initHardware(SIM): Initializing hardware components...
[0;33m[WW] ModuleManager: CHANGING UPDATE PERIOD: ![0m
initHardware(SIM): Initializing hardware components...
[0;33m[WW] ModuleManager: CHANGING UPDATE PERIOD: ![0m
initHardware(SIM): Initializing hardware components...
[0;33m[WW] ModuleManager: CHANGING UPDATE PERIOD: ![0m
initHardware(SIM): Initializing hardware components...
[0;33m[WW] ModuleManager: CHANGING UPDATE PERIOD: ![0m
initHardware(SIM): Initializing hardware components...
[0;33m[WW] ModuleManager: CHANGING UPDATE PERIOD: ![0m
initHardware(SIM): Initializing hardware components...
[0;33m[WW] ModuleManager: CHANGING UPDATE PERIOD: ![0m
initHardware(SIM): Initializing hardware components...
[0;33m[WW] ModuleManager: CHANGING UPDATE PERIOD: ![0m
initHardware(SIM): Initializing hardware components...
[0;33m[WW] ModuleManager: CHANGING UPDATE PERIOD: ![0m
initHardware(SIM): Initializing hardware components...
[0;33m[WW] ModuleManager: CHANGING UPDATE PERIOD: ![0m
initHardware(SIM): Initializing hardware components...
[0;33m[WW] ModuleManager: CHANGING UPDATE PERIOD: ![0m
initHardware(SIM): Initializing hardware components...
[0;33m[WW] ModuleManager: CHANGING UPDATE PERIOD: ![0m
initHardware(SIM): Initializing hardware components...
[0;33m[WW] ModuleManager: CHANGING UPDATE PERIOD: ![0m
initHardware(SIM): Initializing hardware components...
[0;33m[WW] ModuleManager: CHANGING UPDATE PERIOD: ![0m
initHardware(SIM): Initializing hardware components...
[0;33m[WW] ModuleManager: CHANGING UPDATE PERIOD: ![0m
initHardware(SIM): Initializing hardware components...
[0;33m[WW] ModuleManager: CHANGING UPDATE PERIOD: ![0m
initHardware(SIM): Initializing hardware components...
[0;33m[WW] ModuleManager: CHANGING UPDATE PERIOD: ![0m
initHardware(SIM): Initializing hardware components...
[0;33m[WW] ModuleManager: CHANGING UPDATE PERIOD: ![0m
initHardware(SIM): Initializing hardware components...
[0;33m[WW] ModuleManager: CHANGING UPDATE PERIOD: ![0m
initHardware(SIM): Initializing hardware components...
[0;33m[WW] ModuleManager: CHANGING UPDATE PERIOD: ![0m
initHardware(SIM): Initializing hardware components...
[0;33m[WW] ModuleManager: CHANGING UPDATE PERIOD: ![0m
initHardware(SIM): Initializing hardware components...
[0;33m[WW] ModuleManager: CHANGING UPDATE PERIOD: ![0m
initHardware(SIM): Initializing hardware components...
[0;33m[WW] ModuleManager: CHANGING UPDATE PERIOD: ![0m
initHardware(SIM): Initializing hardware components...
[0;33m[WW] ModuleManager: CHANGING UPDATE PERIOD: ![0m
initHardware(SIM): Initializing hardware components...
[0;33m[WW] ModuleManager: CHANGING UPDATE PERIOD: ![0m
initHardware(SIM): Initializing hardware components...
[0;33m[WW] ModuleManager: CHANGING UPDATE PERIOD: ![0m
initHardware(SIM): Initializing hardware components...
[0;33m[WW] ModuleManager: CHANGING UPDATE PERIOD: ![0m
initHardware(SIM): Initializing hardware components...
[0;33m[WW] ModuleManager: CHANGING UPDATE PERIOD: ![0m
initHardware(SIM): Initializing hardware components...
[0;33m[WW] ModuleManager: CHANGING UPDATE PERIOD: ![0m
initHardware(SIM): Initializing hardware components...
[0;33m[WW] ModuleManager: CHANGING UPDATE PERIOD: ![0m
initHardware(SIM): Initializing hardware components...
[0;33m[WW] ModuleManager: CHANGING UPDATE PERIOD: ![0m
initHardware(SIM): Initializing hardware components...
[0;33m[WW] ModuleManager: CHANGING UPDATE PERIOD: ![0m
initHardware(SIM): Initializing hardware components...
[0;33m[WW] ModuleManager: CHANGING UPDATE PERIOD: ![0m
initHardware(SIM): Initializing hardware components...
[0;33m[WW] ModuleManager: CHANGING UPDATE PERIOD: ![0m
initHardware(SIM): Initializing hardware components...
[0;33m[WW] ModuleManager: CHANGING UPDATE PERIOD: ![0m
initHardware(SIM): Initializing hardware components...
[0;33m[WW] ModuleManager: CHANGING UPDATE PERIOD: ![0m
initHardware(SIM): Initializing hardware components...
[0;33m[WW] ModuleManager: CHANGING UPDATE PERIOD: ![0m
initHardware(SIM): Initializing hardware components...
[0;33m[WW] ModuleManager: CHANGING UPDATE PERIOD: ![0m
initHardware(SIM): Initializing hardware components...
[0;33m[WW] ModuleManager: CHANGING UPDATE PERIOD: ![0m
initHardware(SIM): Initializing hardware components...
[0;33m[WW] ModuleManager: CHANGING UPDATE PERIOD: ![0m
initHardware(SIM): Initializing hardware components...
[0;33m[WW] ModuleManager: CHANGING UPDATE PERIOD: ![0m
initHardware(SIM): Initializing hardware components...
[0;33m[WW] ModuleManager: CHANGING UPDATE PERIOD: ![0m
initHardware(SIM): Initializing hardware components...
[0;33m[WW] ModuleManager: CHANGING UPDATE PERIOD: ![0m
initHardware(SIM): Initializing hardware components...
[0;33m[WW] ModuleManager: CHANGING UPDATE PERIOD: ![0m
initHardware(SIM): Initializing hardware components...
[0;33m[WW] ModuleManager: CHANGING UPDATE PERIOD: ![0m
initHardware(SIM): Initializing hardware components...
[0;33m[WW] ModuleManager: CHANGING UPDATE PERIOD: ![0m
initHardware(SIM): Initializing hardware components...
[0;33m[WW] ModuleManager: CHANGING UPDATE PERIOD: ![0m
/usr/local/lib/python3.10/dist-packages/stable_baselines3/common/vec_env/base_vec_env.py:78: UserWarning: The `render_mode` attribute is not defined in your environment. It will be set to None.
  warnings.warn("The `render_mode` attribute is not defined in your environment. It will be set to None.")
Using VecNormalize wrapper...
Found existing model and continue_training=True. Continuing training.
Loading existing model from ./data/v2_ours_wide/quadruped_ppo_model.zip
Loading VecNormalize statistics from ./data/v2_ours_wide/quadruped_ppo_model_vecnormalize.pkl
Model loaded successfully. Continuing training...
Model hyperparameters: {'actor_obs_dim': 54, 'activation_fn': <class 'torch.nn.modules.activation.Tanh'>, 'net_arch': {'pi': [256, 128], 'vf': [256, 128]}, 'log_std_init': -3.0, 'full_std': False, 'use_expln': False, 'ortho_init': True}
/usr/local/lib/python3.10/dist-packages/stable_baselines3/common/utils.py:168: UserWarning: get_schedule_fn() is deprecated, please use FloatSchedule() instead
  warnings.warn("get_schedule_fn() is deprecated, please use FloatSchedule() instead")
/usr/local/lib/python3.10/dist-packages/stable_baselines3/common/utils.py:214: UserWarning: constant_fn() is deprecated, please use ConstantSchedule() instead
  warnings.warn("constant_fn() is deprecated, please use ConstantSchedule() instead")
INFO:root:Overriding learning rate: 1e-05
INFO:root:Starting training...
INFO:root:Action std clamped to [0.05, 0.3] after every optimizer step
INFO:root:Setting target_kl: 0.01 (was 0.01)
[QuadrupedWBCEnv] Reset state env_id=0 z=0.32886 rpy=[-0.0399065, -0.018363, 0.00110369]
[QuadrupedWBCEnv] unhealthy terminate at step=220 z=0.238852 rpy=[0.0225573, 0.573207, 0.593916] v_body=[2.44846, 3.34892, -2.39924]
[QuadrupedWBCEnv] Reset state env_id=0 z=0.300506 rpy=[-0.0472672, -0.0288552, 0.00808919]
[QuadrupedWBCEnv] unhealthy terminate at step=256 z=0.210452 rpy=[0.0540373, 0.43265, -0.0790737] v_body=[-2.53953, -0.0136895, -0.979422]
[QuadrupedWBCEnv] Reset state env_id=0 z=0.315543 rpy=[-0.0420073, -0.0223254, -0.0207947]
----------------------------------------------
| rollout/                        |          |
|    action_saturation_fraction   | 0        |
|    ep_len_mean                  | 212      |
|    ep_rew_mean                  | 139      |
|    episodes_noforce             | 517      |
|    force_direction_mean         | -1       |
|    force_onset_mean             | 1.44     |
|    force_requested_impulse_mean | 0        |
|    is_fall_mean                 | 1        |
|    is_timeout_mean              | 0        |
|    recovery_noforce             | 0        |
| time/                           |          |
|    fps                          | 5568     |
|    iterations                   | 1        |
|    time_elapsed                 | 23       |
|    total_timesteps              | 131072   |
| train/                          |          |
|    action_std_00                | 0.0706   |
|    action_std_01                | 0.0714   |
|    action_std_02                | 0.0709   |
|    action_std_03                | 0.0731   |
|    action_std_04                | 0.0715   |
|    action_std_05                | 0.0722   |
|    action_std_06                | 0.072    |
|    action_std_07                | 0.0717   |
|    action_std_08                | 0.0714   |
|    action_std_09                | 0.0724   |
|    action_std_10                | 0.0715   |
|    action_std_11                | 0.0712   |
|    action_std_12                | 0.0724   |
|    action_std_13                | 0.0713   |
|    action_std_14                | 0.0712   |
|    action_std_15                | 0.0714   |
|    action_std_16                | 0.0723   |
|    action_std_17                | 0.072    |
|    action_std_18                | 0.0702   |
|    action_std_19                | 0.0714   |
|    action_std_20                | 0.0708   |
|    action_std_21                | 0.0712   |
|    action_std_22                | 0.0712   |
|    action_std_23                | 0.072    |
|    action_std_24                | 0.0722   |
|    std_max                      | 0.0731   |
|    std_min                      | 0.0702   |
----------------------------------------------
[QuadrupedWBCEnv] unhealthy terminate at step=183 z=0.248811 rpy=[0.893515, -0.284763, 0.0197925] v_body=[2.79126, -2.30047, -2.05273]
[QuadrupedWBCEnv] Reset state env_id=0 z=0.320916 rpy=[-0.0409067, -0.0302628, 0.00440959]
[QuadrupedWBCEnv] unhealthy terminate at step=160 z=0.201242 rpy=[0.336567, 0.342768, -0.0491203] v_body=[2.1526, -1.84458, -1.90737]
[QuadrupedWBCEnv] Reset state env_id=0 z=0.309046 rpy=[-0.0471807, -0.0181903, 0.00112417]
--------------------------------------------------
| rollout/                        |              |
|    action_saturation_fraction   | 0            |
|    ep_len_mean                  | 208          |
|    ep_rew_mean                  | 139          |
|    episodes_noforce             | 649          |
|    force_direction_mean         | -1           |
|    force_onset_mean             | 1.43         |
|    force_requested_impulse_mean | 0            |
|    is_fall_mean                 | 1            |
|    is_timeout_mean              | 0            |
|    recovery_noforce             | 0            |
| time/                           |              |
|    fps                          | 5122         |
|    iterations                   | 2            |
|    time_elapsed                 | 51           |
|    total_timesteps              | 262144       |
| train/                          |              |
|    action_std_00                | 0.0708       |
|    action_std_01                | 0.0716       |
|    action_std_02                | 0.071        |
|    action_std_03                | 0.0733       |
|    action_std_04                | 0.0716       |
|    action_std_05                | 0.0724       |
|    action_std_06                | 0.0721       |
|    action_std_07                | 0.0718       |
|    action_std_08                | 0.0716       |
|    action_std_09                | 0.0726       |
|    action_std_10                | 0.0717       |
|    action_std_11                | 0.0714       |
|    action_std_12                | 0.0725       |
|    action_std_13                | 0.0715       |
|    action_std_14                | 0.0713       |
|    action_std_15                | 0.0715       |
|    action_std_16                | 0.0725       |
|    action_std_17                | 0.0722       |
|    action_std_18                | 0.0704       |
|    action_std_19                | 0.0716       |
|    action_std_20                | 0.0709       |
|    action_std_21                | 0.0713       |
|    action_std_22                | 0.0713       |
|    action_std_23                | 0.0722       |
|    action_std_24                | 0.0724       |
|    approx_kl                    | 0.0022044764 |
|    clip_fraction                | 0.101        |
|    clip_range                   | 0.1          |
|    clip_range_vf                | 0.2          |
|    entropy_loss                 | 30.4         |
|    explained_variance           | 0.635        |
|    learning_rate                | 1e-05        |
|    loss                         | 6.98         |
|    n_updates                    | 3080         |
|    policy_gradient_loss         | -0.00511     |
|    std                          | 0.0717       |
|    std_max                      | 0.0733       |
|    std_min                      | 0.0704       |
|    value_loss                   | 6.82         |
--------------------------------------------------
[QuadrupedWBCEnv] unhealthy terminate at step=224 z=0.278634 rpy=[0.802024, 0.785297, 1.04265] v_body=[-0.113373, 1.06208, -1.35697]
[QuadrupedWBCEnv] Reset state env_id=0 z=0.286885 rpy=[-0.0406963, -0.0329201, 0.00120608]
[QuadrupedWBCEnv] unhealthy terminate at step=134 z=0.159569 rpy=[0.319328, 0.20913, 0.0492977] v_body=[1.31831, -0.347861, -0.739791]
[QuadrupedWBCEnv] Reset state env_id=0 z=0.306322 rpy=[-0.0433401, -0.0188572, -0.00302785]
[QuadrupedWBCEnv] unhealthy terminate at step=236 z=0.280436 rpy=[0.860635, 0.0496172, 0.705914] v_body=[-3.67208, -1.47424, -2.07019]
[QuadrupedWBCEnv] Reset state env_id=0 z=0.323175 rpy=[-0.0408982, -0.0300373, -0.0190198]
-------------------------------------------------
| rollout/                        |             |
|    action_saturation_fraction   | 0           |
|    ep_len_mean                  | 202         |
|    ep_rew_mean                  | 136         |
|    episodes_noforce             | 631         |
|    force_direction_mean         | -1          |
|    force_onset_mean             | 1.45        |
|    force_requested_impulse_mean | 0           |
|    is_fall_mean                 | 1           |
|    is_timeout_mean              | 0           |
|    recovery_noforce             | 0           |
| time/                           |             |
|    fps                          | 4974        |
|    iterations                   | 3           |
|    time_elapsed                 | 79          |
|    total_timesteps              | 393216      |
| train/                          |             |
|    action_std_00                | 0.0709      |
|    action_std_01                | 0.0717      |
|    action_std_02                | 0.0712      |
|    action_std_03                | 0.0734      |
|    action_std_04                | 0.0718      |
|    action_std_05                | 0.0725      |
|    action_std_06                | 0.0723      |
|    action_std_07                | 0.072       |
|    action_std_08                | 0.0718      |
|    action_std_09                | 0.0727      |
|    action_std_10                | 0.0718      |
|    action_std_11                | 0.0715      |
|    action_std_12                | 0.0727      |
|    action_std_13                | 0.0716      |
|    action_std_14                | 0.0714      |
|    action_std_15                | 0.0717      |
|    action_std_16                | 0.0726      |
|    action_std_17                | 0.0723      |
|    action_std_18                | 0.0704      |
|    action_std_19                | 0.0717      |
|    action_std_20                | 0.0711      |
|    action_std_21                | 0.0714      |
|    action_std_22                | 0.0715      |
|    action_std_23                | 0.0724      |
|    action_std_24                | 0.0726      |
|    approx_kl                    | 0.002282272 |
|    clip_fraction                | 0.102       |
|    clip_range                   | 0.1         |
|    clip_range_vf                | 0.2         |
|    entropy_loss                 | 30.4        |
|    explained_variance           | 0.65        |
|    learning_rate                | 1e-05       |
|    loss                         | 7.57        |
|    n_updates                    | 3090        |
|    policy_gradient_loss         | -0.00505    |
|    std                          | 0.0719      |
|    std_max                      | 0.0734      |
|    std_min                      | 0.0704      |
|    value_loss                   | 7.2         |
-------------------------------------------------
[QuadrupedWBCEnv] unhealthy terminate at step=214 z=0.301998 rpy=[0.942962, 0.226269, -0.211404] v_body=[2.25067, -1.55142, -7.18484]
[QuadrupedWBCEnv] Reset state env_id=0 z=0.302908 rpy=[-0.0478191, -0.0219999, -0.00194392]
[QuadrupedWBCEnv] unhealthy terminate at step=165 z=0.274774 rpy=[-0.840138, 0.747345, -0.637127] v_body=[2.43723, -2.16025, -1.47078]
[QuadrupedWBCEnv] Reset state env_id=0 z=0.301145 rpy=[-0.0401321, -0.0189067, -0.0116839]
[QuadrupedWBCEnv] unhealthy terminate at step=220 z=0.262559 rpy=[0.832647, 0.143737, 0.0549548] v_body=[0.223732, 1.34563, -1.64986]
[QuadrupedWBCEnv] Reset state env_id=0 z=0.272586 rpy=[-0.0496907, -0.0242563, 0.00783972]
-------------------------------------------------
| rollout/                        |             |
|    action_saturation_fraction   | 0           |
|    ep_len_mean                  | 204         |
|    ep_rew_mean                  | 139         |
|    episodes_noforce             | 637         |
|    force_direction_mean         | -1          |
|    force_onset_mean             | 1.45        |
|    force_requested_impulse_mean | 0           |
|    is_fall_mean                 | 1           |
|    is_timeout_mean              | 0           |
|    recovery_noforce             | 0           |
| time/                           |             |
|    fps                          | 4902        |
|    iterations                   | 4           |
|    time_elapsed                 | 106         |
|    total_timesteps              | 524288      |
| train/                          |             |
|    action_std_00                | 0.0711      |
|    action_std_01                | 0.0718      |
|    action_std_02                | 0.0713      |
|    action_std_03                | 0.0735      |
|    action_std_04                | 0.072       |
|    action_std_05                | 0.0727      |
|    action_std_06                | 0.0725      |
|    action_std_07                | 0.0721      |
|    action_std_08                | 0.0719      |
|    action_std_09                | 0.0728      |
|    action_std_10                | 0.0719      |
|    action_std_11                | 0.0717      |
|    action_std_12                | 0.0728      |
|    action_std_13                | 0.0717      |
|    action_std_14                | 0.0715      |
|    action_std_15                | 0.0718      |
|    action_std_16                | 0.0727      |
|    action_std_17                | 0.0724      |
|    action_std_18                | 0.0706      |
|    action_std_19                | 0.0718      |
|    action_std_20                | 0.0713      |
|    action_std_21                | 0.0715      |
|    action_std_22                | 0.0716      |
|    action_std_23                | 0.0725      |
|    action_std_24                | 0.0728      |
|    approx_kl                    | 0.002269154 |
|    clip_fraction                | 0.103       |
|    clip_range                   | 0.1         |
|    clip_range_vf                | 0.2         |
|    entropy_loss                 | 30.3        |
|    explained_variance           | 0.657       |
|    learning_rate                | 1e-05       |
|    loss                         | 6.9         |
|    n_updates                    | 3100        |
|    policy_gradient_loss         | -0.00461    |
|    std                          | 0.072       |
|    std_max                      | 0.0735      |
|    std_min                      | 0.0706      |
|    value_loss                   | 6.43        |
-------------------------------------------------
[QuadrupedWBCEnv] unhealthy terminate at step=213 z=0.36344 rpy=[0.821126, 0.439254, 0.0314468] v_body=[2.50144, -4.83902, -3.97035]
[QuadrupedWBCEnv] Reset state env_id=0 z=0.292006 rpy=[-0.0475671, -0.032797, 0.00304435]
[QuadrupedWBCEnv] unhealthy terminate at step=180 z=0.14911 rpy=[0.0127084, 0.140867, -0.311652] v_body=[0.51918, -0.704513, -0.0314073]
[QuadrupedWBCEnv] Reset state env_id=0 z=0.307194 rpy=[-0.0445737, -0.0306044, -0.0218091]
--------------------------------------------------
| rollout/                        |              |
|    action_saturation_fraction   | 0            |
|    ep_len_mean                  | 201          |
|    ep_rew_mean                  | 137          |
|    episodes_noforce             | 653          |
|    force_direction_mean         | -1           |
|    force_onset_mean             | 1.46         |
|    force_requested_impulse_mean | 0            |
|    is_fall_mean                 | 1            |
|    is_timeout_mean              | 0            |
|    recovery_noforce             | 0            |
| time/                           |              |
|    fps                          | 4852         |
|    iterations                   | 5            |
|    time_elapsed                 | 135          |
|    total_timesteps              | 655360       |
| train/                          |              |
|    action_std_00                | 0.0712       |
|    action_std_01                | 0.072        |
|    action_std_02                | 0.0715       |
|    action_std_03                | 0.0737       |
|    action_std_04                | 0.0721       |
|    action_std_05                | 0.0728       |
|    action_std_06                | 0.0725       |
|    action_std_07                | 0.0723       |
|    action_std_08                | 0.0721       |
|    action_std_09                | 0.073        |
|    action_std_10                | 0.0721       |
|    action_std_11                | 0.0719       |
|    action_std_12                | 0.0729       |
|    action_std_13                | 0.0718       |
|    action_std_14                | 0.0717       |
|    action_std_15                | 0.0718       |
|    action_std_16                | 0.0729       |
|    action_std_17                | 0.0725       |
|    action_std_18                | 0.0707       |
|    action_std_19                | 0.072        |
|    action_std_20                | 0.0714       |
|    action_std_21                | 0.0717       |
|    action_std_22                | 0.0718       |
|    action_std_23                | 0.0726       |
|    action_std_24                | 0.0729       |
|    approx_kl                    | 0.0022726525 |
|    clip_fraction                | 0.104        |
|    clip_range                   | 0.1          |
|    clip_range_vf                | 0.2          |
|    entropy_loss                 | 30.3         |
|    explained_variance           | 0.686        |
|    learning_rate                | 1e-05        |
|    loss                         | 6.06         |
|    n_updates                    | 3110         |
|    policy_gradient_loss         | -0.00483     |
|    std                          | 0.0722       |
|    std_max                      | 0.0737       |
|    std_min                      | 0.0707       |
|    value_loss                   | 5.72         |
--------------------------------------------------
[QuadrupedWBCEnv] unhealthy terminate at step=206 z=0.187592 rpy=[0.830299, 0.151225, -0.102553] v_body=[-0.0119654, 0.223027, -0.359115]
[QuadrupedWBCEnv] Reset state env_id=0 z=0.314655 rpy=[-0.0475214, -0.0218312, -0.0155749]
[QuadrupedWBCEnv] unhealthy terminate at step=150 z=0.221106 rpy=[-0.9076, 0.262487, -0.219746] v_body=[1.75405, 2.07593, -2.14831]
[QuadrupedWBCEnv] Reset state env_id=0 z=0.299056 rpy=[-0.0504468, -0.0177633, 0.010348]
[QuadrupedWBCEnv] unhealthy terminate at step=137 z=0.280607 rpy=[0.889073, 0.217312, -0.0546858] v_body=[1.58959, -2.70041, -3.34348]
[QuadrupedWBCEnv] Reset state env_id=0 z=0.325321 rpy=[-0.0479286, -0.0329548, -0.0157398]
-----------------------------------------------
| rollout/                        |           |
|    action_saturation_fraction   | 0         |
|    ep_len_mean                  | 204       |
|    ep_rew_mean                  | 137       |
|    episodes_noforce             | 635       |
|    force_direction_mean         | -1        |
|    force_onset_mean             | 1.45      |
|    force_requested_impulse_mean | 0         |
|    is_fall_mean                 | 1         |
|    is_timeout_mean              | 0         |
|    recovery_noforce             | 0         |
| time/                           |           |
|    fps                          | 4815      |
|    iterations                   | 6         |
|    time_elapsed                 | 163       |
|    total_timesteps              | 786432    |
| train/                          |           |
|    action_std_00                | 0.0713    |
|    action_std_01                | 0.0723    |
|    action_std_02                | 0.0716    |
|    action_std_03                | 0.0739    |
|    action_std_04                | 0.0723    |
|    action_std_05                | 0.0729    |
|    action_std_06                | 0.0727    |
|    action_std_07                | 0.0725    |
|    action_std_08                | 0.0722    |
|    action_std_09                | 0.0731    |
|    action_std_10                | 0.0722    |
|    action_std_11                | 0.0721    |
|    action_std_12                | 0.0731    |
|    action_std_13                | 0.072     |
|    action_std_14                | 0.0718    |
|    action_std_15                | 0.072     |
|    action_std_16                | 0.073     |
|    action_std_17                | 0.0726    |
|    action_std_18                | 0.0708    |
|    action_std_19                | 0.0721    |
|    action_std_20                | 0.0716    |
|    action_std_21                | 0.0718    |
|    action_std_22                | 0.0719    |
|    action_std_23                | 0.0728    |
|    action_std_24                | 0.0731    |
|    approx_kl                    | 0.0022532 |
|    clip_fraction                | 0.102     |
|    clip_range                   | 0.1       |
|    clip_range_vf                | 0.2       |
|    entropy_loss                 | 30.2      |
|    explained_variance           | 0.683     |
|    learning_rate                | 1e-05     |
|    loss                         | 5.97      |
|    n_updates                    | 3120      |
|    policy_gradient_loss         | -0.0042   |
|    std                          | 0.0723    |
|    std_max                      | 0.0739    |
|    std_min                      | 0.0708    |
|    value_loss                   | 5.53      |
-----------------------------------------------
[QuadrupedWBCEnv] unhealthy terminate at step=213 z=0.21848 rpy=[-0.821598, -0.364263, -0.322231] v_body=[0.697529, 0.242211, -0.177703]
[QuadrupedWBCEnv] Reset state env_id=0 z=0.315176 rpy=[-0.0526109, -0.0174803, -0.00549851]
[QuadrupedWBCEnv] unhealthy terminate at step=185 z=0.372039 rpy=[0.811386, 0.141228, 0.176031] v_body=[0.470166, -2.92298, -0.996874]
[QuadrupedWBCEnv] Reset state env_id=0 z=0.297412 rpy=[-0.034623, -0.0293182, -0.0178212]
[QuadrupedWBCEnv] unhealthy terminate at step=233 z=0.162772 rpy=[0.855244, -0.10937, -0.678574] v_body=[-0.784912, -0.644603, -0.93357]
[QuadrupedWBCEnv] Reset state env_id=0 z=0.301916 rpy=[-0.0364252, -0.0216665, 0.00123945]
------------------------------------------------
| rollout/                        |            |
|    action_saturation_fraction   | 0          |
|    ep_len_mean                  | 210        |
|    ep_rew_mean                  | 139        |
|    episodes_noforce             | 644        |
|    force_direction_mean         | -1         |
|    force_onset_mean             | 1.45       |
|    force_requested_impulse_mean | 0          |
|    is_fall_mean                 | 1          |
|    is_timeout_mean              | 0          |
|    recovery_noforce             | 0          |
| time/                           |            |
|    fps                          | 4789       |
|    iterations                   | 7          |
|    time_elapsed                 | 191        |
|    total_timesteps              | 917504     |
| train/                          |            |
|    action_std_00                | 0.0715     |
|    action_std_01                | 0.0723     |
|    action_std_02                | 0.0718     |
|    action_std_03                | 0.0741     |
|    action_std_04                | 0.0724     |
|    action_std_05                | 0.073      |
|    action_std_06                | 0.0728     |
|    action_std_07                | 0.0726     |
|    action_std_08                | 0.0725     |
|    action_std_09                | 0.0732     |
|    action_std_10                | 0.0724     |
|    action_std_11                | 0.0723     |
|    action_std_12                | 0.0732     |
|    action_std_13                | 0.0722     |
|    action_std_14                | 0.0719     |
|    action_std_15                | 0.0721     |
|    action_std_16                | 0.0732     |
|    action_std_17                | 0.0727     |
|    action_std_18                | 0.0709     |
|    action_std_19                | 0.0722     |
|    action_std_20                | 0.0717     |
|    action_std_21                | 0.0719     |
|    action_std_22                | 0.0721     |
|    action_std_23                | 0.0729     |
|    action_std_24                | 0.0733     |
|    approx_kl                    | 0.00226588 |
|    clip_fraction                | 0.102      |
|    clip_range                   | 0.1        |
|    clip_range_vf                | 0.2        |
|    entropy_loss                 | 30.2       |
|    explained_variance           | 0.691      |
|    learning_rate                | 1e-05      |
|    loss                         | 5.52       |
|    n_updates                    | 3130       |
|    policy_gradient_loss         | -0.0042    |
|    std                          | 0.0725     |
|    std_max                      | 0.0741     |
|    std_min                      | 0.0709     |
|    value_loss                   | 4.98       |
------------------------------------------------
[QuadrupedWBCEnv] unhealthy terminate at step=134 z=0.186679 rpy=[-0.836634, -0.123257, -0.0303095] v_body=[1.32236, 1.43343, -1.75754]
[QuadrupedWBCEnv] Reset state env_id=0 z=0.297151 rpy=[-0.0356249, -0.014257, -0.0170442]
[QuadrupedWBCEnv] unhealthy terminate at step=139 z=0.15396 rpy=[0.877204, 0.149097, -0.0598062] v_body=[-0.906817, -1.10633, -1.54816]
[QuadrupedWBCEnv] Reset state env_id=0 z=0.300249 rpy=[-0.0387972, -0.0169123, -0.0101003]
INFO:root:VecNormalize statistics saved at: ./data/v2_ours_wide/quadruped_ppo_model_ckpt_1000192_vecnormalize.pkl
INFO:root:Model saved at: ./data/v2_ours_wide/quadruped_ppo_model_ckpt_1000192.zip
INFO:root:Checkpoint written at 1000192 timesteps
[QuadrupedWBCEnv] unhealthy terminate at step=161 z=0.436564 rpy=[0.538171, 1.06639, -0.787461] v_body=[-2.90791, -0.617716, -0.621096]
[QuadrupedWBCEnv] Reset state env_id=0 z=0.27585 rpy=[-0.0384705, -0.0199983, 0.0030169]
-------------------------------------------------
| rollout/                        |             |
|    action_saturation_fraction   | 0           |
|    ep_len_mean                  | 208         |
|    ep_rew_mean                  | 137         |
|    episodes_noforce             | 638         |
|    force_direction_mean         | -1          |
|    force_onset_mean             | 1.45        |
|    force_requested_impulse_mean | 0           |
|    is_fall_mean                 | 1           |
|    is_timeout_mean              | 0           |
|    recovery_noforce             | 0           |
| time/                           |             |
|    fps                          | 4767        |
|    iterations                   | 8           |
|    time_elapsed                 | 219         |
|    total_timesteps              | 1048576     |
| train/                          |             |
|    action_std_00                | 0.0717      |
|    action_std_01                | 0.0725      |
|    action_std_02                | 0.0718      |
|    action_std_03                | 0.0742      |
|    action_std_04                | 0.0725      |
|    action_std_05                | 0.0732      |
|    action_std_06                | 0.073       |
|    action_std_07                | 0.0728      |
|    action_std_08                | 0.0725      |
|    action_std_09                | 0.0733      |
|    action_std_10                | 0.0725      |
|    action_std_11                | 0.0724      |
|    action_std_12                | 0.0733      |
|    action_std_13                | 0.0722      |
|    action_std_14                | 0.072       |
|    action_std_15                | 0.0723      |
|    action_std_16                | 0.0734      |
|    action_std_17                | 0.0729      |
|    action_std_18                | 0.0711      |
|    action_std_19                | 0.0724      |
|    action_std_20                | 0.0718      |
|    action_std_21                | 0.072       |
|    action_std_22                | 0.0723      |
|    action_std_23                | 0.0732      |
|    action_std_24                | 0.0735      |
|    approx_kl                    | 0.002259736 |
|    clip_fraction                | 0.103       |
|    clip_range                   | 0.1         |
|    clip_range_vf                | 0.2         |
|    entropy_loss                 | 30.1        |
|    explained_variance           | 0.704       |
|    learning_rate                | 1e-05       |
|    loss                         | 4.4         |
|    n_updates                    | 3140        |
|    policy_gradient_loss         | -0.00415    |
|    std                          | 0.0726      |
|    std_max                      | 0.0742      |
|    std_min                      | 0.0711      |
|    value_loss                   | 4.58        |
-------------------------------------------------
[QuadrupedWBCEnv] unhealthy terminate at step=143 z=0.243863 rpy=[-0.82659, -0.108009, -0.034002] v_body=[-0.880437, 2.67808, -3.60652]
[QuadrupedWBCEnv] Reset state env_id=0 z=0.283618 rpy=[-0.0381209, -0.0193198, -0.00844152]
[QuadrupedWBCEnv] unhealthy terminate at step=252 z=0.340965 rpy=[0.818185, 0.0727604, 0.0655809] v_body=[3.39034, -0.0343827, -2.82263]
[QuadrupedWBCEnv] Reset state env_id=0 z=0.305688 rpy=[-0.0490345, -0.0313175, -0.00543153]
-------------------------------------------------
| rollout/                        |             |
|    action_saturation_fraction   | 0           |
|    ep_len_mean                  | 204         |
|    ep_rew_mean                  | 137         |
|    episodes_noforce             | 640         |
|    force_direction_mean         | -1          |
|    force_onset_mean             | 1.45        |
|    force_requested_impulse_mean | 0           |
|    is_fall_mean                 | 1           |
|    is_timeout_mean              | 0           |
|    recovery_noforce             | 0           |
| time/                           |             |
|    fps                          | 4748        |
|    iterations                   | 9           |
|    time_elapsed                 | 248         |
|    total_timesteps              | 1179648     |
| train/                          |             |
|    action_std_00                | 0.0718      |
|    action_std_01                | 0.0726      |
|    action_std_02                | 0.072       |
|    action_std_03                | 0.0744      |
|    action_std_04                | 0.0726      |
|    action_std_05                | 0.0733      |
|    action_std_06                | 0.0731      |
|    action_std_07                | 0.0729      |
|    action_std_08                | 0.0727      |
|    action_std_09                | 0.0735      |
|    action_std_10                | 0.0727      |
|    action_std_11                | 0.0726      |
|    action_std_12                | 0.0735      |
|    action_std_13                | 0.0724      |
|    action_std_14                | 0.0722      |
|    action_std_15                | 0.0724      |
|    action_std_16                | 0.0735      |
|    action_std_17                | 0.0731      |
|    action_std_18                | 0.0711      |
|    action_std_19                | 0.0725      |
|    action_std_20                | 0.0719      |
|    action_std_21                | 0.0722      |
|    action_std_22                | 0.0725      |
|    action_std_23                | 0.0733      |
|    action_std_24                | 0.0737      |
|    approx_kl                    | 0.002271947 |
|    clip_fraction                | 0.103       |
|    clip_range                   | 0.1         |
|    clip_range_vf                | 0.2         |
|    entropy_loss                 | 30.1        |
|    explained_variance           | 0.713       |
|    learning_rate                | 1e-05       |
|    loss                         | 4.55        |
|    n_updates                    | 3150        |
|    policy_gradient_loss         | -0.00391    |
|    std                          | 0.0727      |
|    std_max                      | 0.0744      |
|    std_min                      | 0.0711      |
|    value_loss                   | 4.23        |
-------------------------------------------------
[QuadrupedWBCEnv] unhealthy terminate at step=287 z=1.05107 rpy=[-0.84095, 0.0262062, 0.130663] v_body=[-0.474797, -5.00223, 0.449445]
[QuadrupedWBCEnv] Reset state env_id=0 z=0.323825 rpy=[-0.0412135, -0.0177375, 0.00704874]
[QuadrupedWBCEnv] unhealthy terminate at step=204 z=0.250428 rpy=[0.848185, 0.152451, -0.376963] v_body=[-0.507366, -2.08585, -2.52109]
[QuadrupedWBCEnv] Reset state env_id=0 z=0.277487 rpy=[-0.0483247, -0.0149881, -0.0233195]
[QuadrupedWBCEnv] unhealthy terminate at step=143 z=0.15454 rpy=[0.811097, 0.0272529, -0.0518053] v_body=[0.0239476, -1.01775, -1.45337]
[QuadrupedWBCEnv] Reset state env_id=0 z=0.278747 rpy=[-0.0436012, -0.0322114, -0.0256902]
--------------------------------------------------
| rollout/                        |              |
|    action_saturation_fraction   | 0            |
|    ep_len_mean                  | 193          |
|    ep_rew_mean                  | 133          |
|    episodes_noforce             | 639          |
|    force_direction_mean         | -1           |
|    force_onset_mean             | 1.45         |
|    force_requested_impulse_mean | 0            |
|    is_fall_mean                 | 1            |
|    is_timeout_mean              | 0            |
|    recovery_noforce             | 0            |
| time/                           |              |
|    fps                          | 4736         |
|    iterations                   | 10           |
|    time_elapsed                 | 276          |
|    total_timesteps              | 1310720      |
| train/                          |              |
|    action_std_00                | 0.072        |
|    action_std_01                | 0.0728       |
|    action_std_02                | 0.0722       |
|    action_std_03                | 0.0744       |
|    action_std_04                | 0.0727       |
|    action_std_05                | 0.0735       |
|    action_std_06                | 0.0732       |
|    action_std_07                | 0.0731       |
|    action_std_08                | 0.0729       |
|    action_std_09                | 0.0736       |
|    action_std_10                | 0.0728       |
|    action_std_11                | 0.0727       |
|    action_std_12                | 0.0736       |
|    action_std_13                | 0.0725       |
|    action_std_14                | 0.0723       |
|    action_std_15                | 0.0725       |
|    action_std_16                | 0.0737       |
|    action_std_17                | 0.0732       |
|    action_std_18                | 0.0713       |
|    action_std_19                | 0.0727       |
|    action_std_20                | 0.072        |
|    action_std_21                | 0.0723       |
|    action_std_22                | 0.0726       |
|    action_std_23                | 0.0735       |
|    action_std_24                | 0.0739       |
|    approx_kl                    | 0.0022416734 |
|    clip_fraction                | 0.103        |
|    clip_range                   | 0.1          |
|    clip_range_vf                | 0.2          |
|    entropy_loss                 | 30           |
|    explained_variance           | 0.713        |
|    learning_rate                | 1e-05        |
|    loss                         | 4.11         |
|    n_updates                    | 3160         |
|    policy_gradient_loss         | -0.00372     |
|    std                          | 0.0729       |
|    std_max                      | 0.0744       |
|    std_min                      | 0.0713       |
|    value_loss                   | 3.88         |
--------------------------------------------------
[QuadrupedWBCEnv] unhealthy terminate at step=135 z=0.158916 rpy=[0.454, 0.255466, 0.126747] v_body=[3.28707, -0.119157, -1.63342]
[QuadrupedWBCEnv] Reset state env_id=0 z=0.313454 rpy=[-0.0324051, -0.0246616, -0.0291755]
[QuadrupedWBCEnv] unhealthy terminate at step=225 z=0.176903 rpy=[-0.823228, 0.225299, 0.274493] v_body=[-1.16369, 2.24563, 0.0229894]
[QuadrupedWBCEnv] Reset state env_id=0 z=0.317803 rpy=[-0.0488773, -0.0234242, 0.00478248]
[QuadrupedWBCEnv] unhealthy terminate at step=190 z=0.446607 rpy=[0.811361, 0.130299, 0.1171] v_body=[0.595585, 0.280213, 0.670623]
[QuadrupedWBCEnv] Reset state env_id=0 z=0.278386 rpy=[-0.0315307, -0.0196296, 0.00667131]
--------------------------------------------------
| rollout/                        |              |
|    action_saturation_fraction   | 0            |
|    ep_len_mean                  | 201          |
|    ep_rew_mean                  | 136          |
|    episodes_noforce             | 652          |
|    force_direction_mean         | -1           |
|    force_onset_mean             | 1.45         |
|    force_requested_impulse_mean | 0            |
|    is_fall_mean                 | 1            |
|    is_timeout_mean              | 0            |
|    recovery_noforce             | 0            |
| time/                           |              |
|    fps                          | 4723         |
|    iterations                   | 11           |
|    time_elapsed                 | 305          |
|    total_timesteps              | 1441792      |
| train/                          |              |
|    action_std_00                | 0.0721       |
|    action_std_01                | 0.0729       |
|    action_std_02                | 0.0722       |
|    action_std_03                | 0.0745       |
|    action_std_04                | 0.0729       |
|    action_std_05                | 0.0737       |
|    action_std_06                | 0.0734       |
|    action_std_07                | 0.0733       |
|    action_std_08                | 0.073        |
|    action_std_09                | 0.0737       |
|    action_std_10                | 0.0729       |
|    action_std_11                | 0.0728       |
|    action_std_12                | 0.0738       |
|    action_std_13                | 0.0727       |
|    action_std_14                | 0.0724       |
|    action_std_15                | 0.0727       |
|    action_std_16                | 0.0739       |
|    action_std_17                | 0.0734       |
|    action_std_18                | 0.0713       |
|    action_std_19                | 0.0728       |
|    action_std_20                | 0.0722       |
|    action_std_21                | 0.0725       |
|    action_std_22                | 0.0727       |
|    action_std_23                | 0.0737       |
|    action_std_24                | 0.0741       |
|    approx_kl                    | 0.0022116713 |
|    clip_fraction                | 0.102        |
|    clip_range                   | 0.1          |
|    clip_range_vf                | 0.2          |
|    entropy_loss                 | 30           |
|    explained_variance           | 0.75         |
|    learning_rate                | 1e-05        |
|    loss                         | 3.92         |
|    n_updates                    | 3170         |
|    policy_gradient_loss         | -0.00361     |
|    std                          | 0.073        |
|    std_max                      | 0.0745       |
|    std_min                      | 0.0713       |
|    value_loss                   | 3.56         |
--------------------------------------------------
[QuadrupedWBCEnv] unhealthy terminate at step=155 z=0.320788 rpy=[-0.925715, -0.242321, 0.197649] v_body=[-1.07938, 2.11807, -3.63772]
[QuadrupedWBCEnv] Reset state env_id=0 z=0.27776 rpy=[-0.0374628, -0.0188909, -0.00552807]
[QuadrupedWBCEnv] unhealthy terminate at step=163 z=0.16805 rpy=[0.823581, -0.0331492, 0.0294652] v_body=[-0.334238, -2.04491, -2.04878]
[QuadrupedWBCEnv] Reset state env_id=0 z=0.279365 rpy=[-0.0443349, -0.0152112, -0.00741523]
[QuadrupedWBCEnv] unhealthy terminate at step=255 z=0.160094 rpy=[-0.813817, -0.0867993, -1.14008] v_body=[0.137094, 0.288781, 0.0831072]
[QuadrupedWBCEnv] Reset state env_id=0 z=0.288911 rpy=[-0.0347346, -0.0292437, -0.0245778]
--------------------------------------------------
| rollout/                        |              |
|    action_saturation_fraction   | 0            |
|    ep_len_mean                  | 209          |
|    ep_rew_mean                  | 140          |
|    episodes_noforce             | 641          |
|    force_direction_mean         | -1           |
|    force_onset_mean             | 1.46         |
|    force_requested_impulse_mean | 0            |
|    is_fall_mean                 | 1            |
|    is_timeout_mean              | 0            |
|    recovery_noforce             | 0            |
| time/                           |              |
|    fps                          | 4711         |
|    iterations                   | 12           |
|    time_elapsed                 | 333          |
|    total_timesteps              | 1572864      |
| train/                          |              |
|    action_std_00                | 0.0723       |
|    action_std_01                | 0.073        |
|    action_std_02                | 0.0724       |
|    action_std_03                | 0.0746       |
|    action_std_04                | 0.073        |
|    action_std_05                | 0.0738       |
|    action_std_06                | 0.0735       |
|    action_std_07                | 0.0735       |
|    action_std_08                | 0.0732       |
|    action_std_09                | 0.0739       |
|    action_std_10                | 0.0731       |
|    action_std_11                | 0.073        |
|    action_std_12                | 0.0739       |
|    action_std_13                | 0.0728       |
|    action_std_14                | 0.0725       |
|    action_std_15                | 0.0729       |
|    action_std_16                | 0.0741       |
|    action_std_17                | 0.0735       |
|    action_std_18                | 0.0714       |
|    action_std_19                | 0.0728       |
|    action_std_20                | 0.0723       |
|    action_std_21                | 0.0726       |
|    action_std_22                | 0.0728       |
|    action_std_23                | 0.0738       |
|    action_std_24                | 0.0742       |
|    approx_kl                    | 0.0021781395 |
|    clip_fraction                | 0.101        |
|    clip_range                   | 0.1          |
|    clip_range_vf                | 0.2          |
|    entropy_loss                 | 29.9         |
|    explained_variance           | 0.758        |
|    learning_rate                | 1e-05        |
|    loss                         | 3.3          |
|    n_updates                    | 3180         |
|    policy_gradient_loss         | -0.00344     |
|    std                          | 0.0732       |
|    std_max                      | 0.0746       |
|    std_min                      | 0.0714       |
|    value_loss                   | 3.19         |
--------------------------------------------------
[QuadrupedWBCEnv] unhealthy terminate at step=163 z=0.2126 rpy=[-0.839559, 0.208562, -0.0738171] v_body=[-0.233488, 1.29993, -1.37404]
[QuadrupedWBCEnv] Reset state env_id=0 z=0.310046 rpy=[-0.0323901, -0.0284544, -0.0198007]
[QuadrupedWBCEnv] unhealthy terminate at step=171 z=0.392889 rpy=[-0.801395, 0.0152845, 0.20038] v_body=[1.7607, 1.52021, -2.15064]
[QuadrupedWBCEnv] Reset state env_id=0 z=0.324365 rpy=[-0.0394579, -0.0173053, -0.0294861]
[QuadrupedWBCEnv] unhealthy terminate at step=140 z=0.247364 rpy=[-0.819012, 0.0799923, -0.0549949] v_body=[-3.37102, 2.85479, -1.76968]
[QuadrupedWBCEnv] Reset state env_id=0 z=0.279602 rpy=[-0.0305084, -0.0239306, 0.00306204]
--------------------------------------------------
| rollout/                        |              |
|    action_saturation_fraction   | 0            |
|    ep_len_mean                  | 198          |
|    ep_rew_mean                  | 134          |
|    episodes_noforce             | 626          |
|    force_direction_mean         | -1           |
|    force_onset_mean             | 1.45         |
|    force_requested_impulse_mean | 0            |
|    is_fall_mean                 | 1            |
|    is_timeout_mean              | 0            |
|    recovery_noforce             | 0            |
| time/                           |              |
|    fps                          | 4702         |
|    iterations                   | 13           |
|    time_elapsed                 | 362          |
|    total_timesteps              | 1703936      |
| train/                          |              |
|    action_std_00                | 0.0724       |
|    action_std_01                | 0.0731       |
|    action_std_02                | 0.0726       |
|    action_std_03                | 0.0747       |
|    action_std_04                | 0.0732       |
|    action_std_05                | 0.074        |
|    action_std_06                | 0.0736       |
|    action_std_07                | 0.0736       |
|    action_std_08                | 0.0733       |
|    action_std_09                | 0.074        |
|    action_std_10                | 0.0733       |
|    action_std_11                | 0.0732       |
|    action_std_12                | 0.074        |
|    action_std_13                | 0.0729       |
|    action_std_14                | 0.0726       |
|    action_std_15                | 0.0731       |
|    action_std_16                | 0.0743       |
|    action_std_17                | 0.0736       |
|    action_std_18                | 0.0715       |
|    action_std_19                | 0.0729       |
|    action_std_20                | 0.0725       |
|    action_std_21                | 0.0727       |
|    action_std_22                | 0.0729       |
|    action_std_23                | 0.074        |
|    action_std_24                | 0.0743       |
|    approx_kl                    | 0.0022851345 |
|    clip_fraction                | 0.105        |
|    clip_range                   | 0.1          |
|    clip_range_vf                | 0.2          |
|    entropy_loss                 | 29.9         |
|    explained_variance           | 0.758        |
|    learning_rate                | 1e-05        |
|    loss                         | 2.9          |
|    n_updates                    | 3190         |
|    policy_gradient_loss         | -0.00343     |
|    std                          | 0.0733       |
|    std_max                      | 0.0747       |
|    std_min                      | 0.0715       |
|    value_loss                   | 2.78         |
--------------------------------------------------
[QuadrupedWBCEnv] unhealthy terminate at step=134 z=0.269224 rpy=[-0.856664, -0.0559637, -0.134772] v_body=[1.07874, 1.71295, -2.34398]
[QuadrupedWBCEnv] Reset state env_id=0 z=0.305458 rpy=[-0.0460266, -0.030255, 0.00386474]
[QuadrupedWBCEnv] unhealthy terminate at step=163 z=0.434437 rpy=[0.857022, -0.158723, 0.118684] v_body=[0.117627, -2.10081, -2.05768]
[QuadrupedWBCEnv] Reset state env_id=0 z=0.270666 rpy=[-0.0482037, -0.0282855, -0.0284566]
[QuadrupedWBCEnv] unhealthy terminate at step=221 z=0.161522 rpy=[-0.889123, 0.073011, 0.719962] v_body=[0.689502, 0.138591, 0.348732]
[QuadrupedWBCEnv] Reset state env_id=0 z=0.276174 rpy=[-0.0495219, -0.0153624, 0.00681943]
--------------------------------------------------
| rollout/                        |              |
|    action_saturation_fraction   | 0            |
|    ep_len_mean                  | 204          |
|    ep_rew_mean                  | 140          |
|    episodes_noforce             | 631          |
|    force_direction_mean         | -1           |
|    force_onset_mean             | 1.45         |
|    force_requested_impulse_mean | 0            |
|    is_fall_mean                 | 1            |
|    is_timeout_mean              | 0            |
|    recovery_noforce             | 0            |
| time/                           |              |
|    fps                          | 4694         |
|    iterations                   | 14           |
|    time_elapsed                 | 390          |
|    total_timesteps              | 1835008      |
| train/                          |              |
|    action_std_00                | 0.0726       |
|    action_std_01                | 0.0732       |
|    action_std_02                | 0.0728       |
|    action_std_03                | 0.0748       |
|    action_std_04                | 0.0734       |
|    action_std_05                | 0.0741       |
|    action_std_06                | 0.0738       |
|    action_std_07                | 0.0738       |
|    action_std_08                | 0.0734       |
|    action_std_09                | 0.0742       |
|    action_std_10                | 0.0734       |
|    action_std_11                | 0.0734       |
|    action_std_12                | 0.0742       |
|    action_std_13                | 0.0731       |
|    action_std_14                | 0.0728       |
|    action_std_15                | 0.0732       |
|    action_std_16                | 0.0743       |
|    action_std_17                | 0.0738       |
|    action_std_18                | 0.0717       |
|    action_std_19                | 0.073        |
|    action_std_20                | 0.0725       |
|    action_std_21                | 0.0728       |
|    action_std_22                | 0.0731       |
|    action_std_23                | 0.0741       |
|    action_std_24                | 0.0744       |
|    approx_kl                    | 0.0022593485 |
|    clip_fraction                | 0.103        |
|    clip_range                   | 0.1          |
|    clip_range_vf                | 0.2          |
|    entropy_loss                 | 29.8         |
|    explained_variance           | 0.781        |
|    learning_rate                | 1e-05        |
|    loss                         | 2.8          |
|    n_updates                    | 3200         |
|    policy_gradient_loss         | -0.00332     |
|    std                          | 0.0734       |
|    std_max                      | 0.0748       |
|    std_min                      | 0.0717       |
|    value_loss                   | 2.66         |
--------------------------------------------------
[QuadrupedWBCEnv] unhealthy terminate at step=167 z=0.367483 rpy=[0.145598, 1.01436, -0.308799] v_body=[1.92229, -0.529701, -0.968115]
[QuadrupedWBCEnv] Reset state env_id=0 z=0.290592 rpy=[-0.0473596, -0.0279999, -0.00850228]
[QuadrupedWBCEnv] unhealthy terminate at step=268 z=0.175129 rpy=[-0.0468462, 0.357024, -1.05774] v_body=[-2.78467, 0.672806, 1.19882]
[QuadrupedWBCEnv] Reset state env_id=0 z=0.277346 rpy=[-0.0453369, -0.0197602, 0.000985057]
